Archive member included to satisfy reference by file (symbol)

c:/rt-threadstudio/repo/extract/toolchain_support_packages/arm/gnu_tools_for_arm_embedded_processors/5.4.1/bin/../lib/gcc/arm-none-eabi/5.4.1/armv7e-m/fpu/fpv5-sp-d16\libgcc.a(_aeabi_uldivmod.o)
                              ./libraries/STM32H7xx_HAL_Driver/Src/stm32h7xx_hal_uart.o (__aeabi_uldivmod)
c:/rt-threadstudio/repo/extract/toolchain_support_packages/arm/gnu_tools_for_arm_embedded_processors/5.4.1/bin/../lib/gcc/arm-none-eabi/5.4.1/armv7e-m/fpu/fpv5-sp-d16\libgcc.a(_udivmoddi4.o)
                              c:/rt-threadstudio/repo/extract/toolchain_support_packages/arm/gnu_tools_for_arm_embedded_processors/5.4.1/bin/../lib/gcc/arm-none-eabi/5.4.1/armv7e-m/fpu/fpv5-sp-d16\libgcc.a(_aeabi_uldivmod.o) (__udivmoddi4)
c:/rt-threadstudio/repo/extract/toolchain_support_packages/arm/gnu_tools_for_arm_embedded_processors/5.4.1/bin/../lib/gcc/arm-none-eabi/5.4.1/armv7e-m/fpu/fpv5-sp-d16\libgcc.a(_dvmd_tls.o)
                              c:/rt-threadstudio/repo/extract/toolchain_support_packages/arm/gnu_tools_for_arm_embedded_processors/5.4.1/bin/../lib/gcc/arm-none-eabi/5.4.1/armv7e-m/fpu/fpv5-sp-d16\libgcc.a(_aeabi_uldivmod.o) (__aeabi_ldiv0)
c:/rt-threadstudio/repo/extract/toolchain_support_packages/arm/gnu_tools_for_arm_embedded_processors/5.4.1/bin/../lib/gcc/arm-none-eabi/5.4.1/../../../../arm-none-eabi/lib/armv7e-m/fpu/fpv5-sp-d16\libg.a(lib_a-atoi.o)
                              ./drivers/drv_usart.o (atoi)
c:/rt-threadstudio/repo/extract/toolchain_support_packages/arm/gnu_tools_for_arm_embedded_processors/5.4.1/bin/../lib/gcc/arm-none-eabi/5.4.1/../../../../arm-none-eabi/lib/armv7e-m/fpu/fpv5-sp-d16\libg.a(lib_a-exit.o)
                              c:/rt-threadstudio/repo/extract/toolchain_support_packages/arm/gnu_tools_for_arm_embedded_processors/5.4.1/bin/../lib/gcc/arm-none-eabi/5.4.1/../../../../arm-none-eabi/lib/armv7e-m/fpu/fpv5-sp-d16/crt0.o (exit)
c:/rt-threadstudio/repo/extract/toolchain_support_packages/arm/gnu_tools_for_arm_embedded_processors/5.4.1/bin/../lib/gcc/arm-none-eabi/5.4.1/../../../../arm-none-eabi/lib/armv7e-m/fpu/fpv5-sp-d16\libg.a(lib_a-impure.o)
                              c:/rt-threadstudio/repo/extract/toolchain_support_packages/arm/gnu_tools_for_arm_embedded_processors/5.4.1/bin/../lib/gcc/arm-none-eabi/5.4.1/../../../../arm-none-eabi/lib/armv7e-m/fpu/fpv5-sp-d16\libg.a(lib_a-exit.o) (_global_impure_ptr)
c:/rt-threadstudio/repo/extract/toolchain_support_packages/arm/gnu_tools_for_arm_embedded_processors/5.4.1/bin/../lib/gcc/arm-none-eabi/5.4.1/../../../../arm-none-eabi/lib/armv7e-m/fpu/fpv5-sp-d16\libg.a(lib_a-init.o)
                              c:/rt-threadstudio/repo/extract/toolchain_support_packages/arm/gnu_tools_for_arm_embedded_processors/5.4.1/bin/../lib/gcc/arm-none-eabi/5.4.1/../../../../arm-none-eabi/lib/armv7e-m/fpu/fpv5-sp-d16/crt0.o (__libc_init_array)
c:/rt-threadstudio/repo/extract/toolchain_support_packages/arm/gnu_tools_for_arm_embedded_processors/5.4.1/bin/../lib/gcc/arm-none-eabi/5.4.1/../../../../arm-none-eabi/lib/armv7e-m/fpu/fpv5-sp-d16\libg.a(lib_a-memcmp.o)
                              ./rt-thread/components/finsh/shell.o (memcmp)
c:/rt-threadstudio/repo/extract/toolchain_support_packages/arm/gnu_tools_for_arm_embedded_processors/5.4.1/bin/../lib/gcc/arm-none-eabi/5.4.1/../../../../arm-none-eabi/lib/armv7e-m/fpu/fpv5-sp-d16\libg.a(lib_a-memcpy.o)
                              ./rt-thread/components/finsh/cmd.o (memcpy)
c:/rt-threadstudio/repo/extract/toolchain_support_packages/arm/gnu_tools_for_arm_embedded_processors/5.4.1/bin/../lib/gcc/arm-none-eabi/5.4.1/../../../../arm-none-eabi/lib/armv7e-m/fpu/fpv5-sp-d16\libg.a(lib_a-memset.o)
                              c:/rt-threadstudio/repo/extract/toolchain_support_packages/arm/gnu_tools_for_arm_embedded_processors/5.4.1/bin/../lib/gcc/arm-none-eabi/5.4.1/../../../../arm-none-eabi/lib/armv7e-m/fpu/fpv5-sp-d16/crt0.o (memset)
c:/rt-threadstudio/repo/extract/toolchain_support_packages/arm/gnu_tools_for_arm_embedded_processors/5.4.1/bin/../lib/gcc/arm-none-eabi/5.4.1/../../../../arm-none-eabi/lib/armv7e-m/fpu/fpv5-sp-d16\libg.a(lib_a-strcpy.o)
                              ./rt-thread/components/finsh/shell.o (strcpy)
c:/rt-threadstudio/repo/extract/toolchain_support_packages/arm/gnu_tools_for_arm_embedded_processors/5.4.1/bin/../lib/gcc/arm-none-eabi/5.4.1/../../../../arm-none-eabi/lib/armv7e-m/fpu/fpv5-sp-d16\libg.a(lib_a-strlen.o)
                              ./rt-thread/components/finsh/msh.o (strlen)
c:/rt-threadstudio/repo/extract/toolchain_support_packages/arm/gnu_tools_for_arm_embedded_processors/5.4.1/bin/../lib/gcc/arm-none-eabi/5.4.1/../../../../arm-none-eabi/lib/armv7e-m/fpu/fpv5-sp-d16\libg.a(lib_a-strncmp.o)
                              ./rt-thread/components/finsh/cmd.o (strncmp)
[...]
Memory Configuration

Name             Origin             Length             Attributes
ROM              0x08000000         0x00100000         xr
RAM              0x20000000         0x00020000         rw
*default*        0x00000000         0xffffffff

Linker script and memory map

LOAD c:/rt-threadstudio/repo/extract/toolchain_support_packages/arm/gnu_tools_for_arm_embedded_processors/5.4.1/bin/../lib/gcc/arm-none-eabi/5.4.1/armv7e-m/fpu/fpv5-sp-d16/crti.o
LOAD c:/rt-threadstudio/repo/extract/toolchain_support_packages/arm/gnu_tools_for_arm_embedded_processors/5.4.1/bin/../lib/gcc/arm-none-eabi/5.4.1/armv7e-m/fpu/fpv5-sp-d16/crtbegin.o
LOAD c:/rt-threadstudio/repo/extract/toolchain_support_packages/arm/gnu_tools_for_arm_embedded_processors/5.4.1/bin/../lib/gcc/arm-none-eabi/5.4.1/../../../../arm-none-eabi/lib/armv7e-m/fpu/fpv5-sp-d16/crt0.o
LOAD ./rt-thread/src/clock.o
LOAD ./rt-thread/src/components.o
LOAD ./rt-thread/src/device.o
LOAD ./rt-thread/src/idle.o
LOAD ./rt-thread/src/ipc.o
LOAD ./rt-thread/src/irq.o
LOAD ./rt-thread/src/kservice.o
LOAD ./rt-thread/src/mem.o
LOAD ./rt-thread/src/mempool.o
LOAD ./rt-thread/src/object.o
LOAD ./rt-thread/src/scheduler.o
LOAD ./rt-thread/src/signal.o
LOAD ./rt-thread/src/thread.o
LOAD ./rt-thread/src/timer.o
LOAD ./rt-thread/libcpu/arm/cortex-m7/context_gcc.o
LOAD ./rt-thread/libcpu/arm/cortex-m7/cpu_cache.o
LOAD ./rt-thread/libcpu/arm/cortex-m7/cpuport.o
LOAD ./rt-thread/libcpu/arm/common/backtrace.o
LOAD ./rt-thread/libcpu/arm/common/div0.o
LOAD ./rt-thread/libcpu/arm/common/showmem.o
LOAD ./rt-thread/components/libc/compilers/common/time.o
LOAD ./rt-thread/components/finsh/cmd.o
LOAD ./rt-thread/components/finsh/msh.o
LOAD ./rt-thread/components/finsh/shell.o
LOAD ./rt-thread/components/drivers/src/completion.o
LOAD ./rt-thread/components/drivers/src/dataqueue.o
LOAD ./rt-thread/components/drivers/src/pipe.o
LOAD ./rt-thread/components/drivers/src/ringblk_buf.o
LOAD ./rt-thread/components/drivers/src/ringbuffer.o
LOAD ./rt-thread/components/drivers/src/waitqueue.o
LOAD ./rt-thread/components/drivers/src/workqueue.o
LOAD ./rt-thread/components/drivers/serial/serial.o
LOAD ./rt-thread/components/drivers/misc/pin.o
LOAD ./libraries/STM32H7xx_HAL_Driver/Src/stm32h7xx_hal.o
LOAD ./libraries/STM32H7xx_HAL_Driver/Src/stm32h7xx_hal_adc.o
LOAD ./libraries/STM32H7xx_HAL_Driver/Src/stm32h7xx_hal_adc_ex.o
LOAD ./libraries/STM32H7xx_HAL_Driver/Src/stm32h7xx_hal_cec.o
LOAD ./libraries/STM32H7xx_HAL_Driver/Src/stm32h7xx_hal_comp.o
LOAD ./libraries/STM32H7xx_HAL_Driver/Src/stm32h7xx_hal_cortex.o
LOAD ./libraries/STM32H7xx_HAL_Driver/Src/stm32h7xx_hal_crc.o
LOAD ./libraries/STM32H7xx_HAL_Driver/Src/stm32h7xx_hal_crc_ex.o
LOAD ./libraries/STM32H7xx_HAL_Driver/Src/stm32h7xx_hal_cryp.o
LOAD ./libraries/STM32H7xx_HAL_Driver/Src/stm32h7xx_hal_cryp_ex.o
LOAD ./libraries/STM32H7xx_HAL_Driver/Src/stm32h7xx_hal_dac.o
LOAD ./libraries/STM32H7xx_HAL_Driver/Src/stm32h7xx_hal_dac_ex.o
LOAD ./libraries/STM32H7xx_HAL_Driver/Src/stm32h7xx_hal_dcmi.o
LOAD ./libraries/STM32H7xx_HAL_Driver/Src/stm32h7xx_hal_dfsdm.o
LOAD ./libraries/STM32H7xx_HAL_Driver/Src/stm32h7xx_hal_dfsdm_ex.o
LOAD ./libraries/STM32H7xx_HAL_Driver/Src/stm32h7xx_hal_dma.o
LOAD ./libraries/STM32H7xx_HAL_Driver/Src/stm32h7xx_hal_dma2d.o
LOAD ./libraries/STM32H7xx_HAL_Driver/Src/stm32h7xx_hal_dma_ex.o
LOAD ./libraries/STM32H7xx_HAL_Driver/Src/stm32h7xx_hal_dsi.o
LOAD ./libraries/STM32H7xx_HAL_Driver/Src/stm32h7xx_hal_dts.o
LOAD ./libraries/STM32H7xx_HAL_Driver/Src/stm32h7xx_hal_eth.o
LOAD ./libraries/STM32H7xx_HAL_Driver/Src/stm32h7xx_hal_eth_ex.o
LOAD ./libraries/STM32H7xx_HAL_Driver/Src/stm32h7xx_hal_exti.o
LOAD ./libraries/STM32H7xx_HAL_Driver/Src/stm32h7xx_hal_fdcan.o
LOAD ./libraries/STM32H7xx_HAL_Driver/Src/stm32h7xx_hal_flash.o
LOAD ./libraries/STM32H7xx_HAL_Driver/Src/stm32h7xx_hal_flash_ex.o
LOAD ./libraries/STM32H7xx_HAL_Driver/Src/stm32h7xx_hal_gfxmmu.o
LOAD ./libraries/STM32H7xx_HAL_Driver/Src/stm32h7xx_hal_gpio.o
LOAD ./libraries/STM32H7xx_HAL_Driver/Src/stm32h7xx_hal_hash.o
LOAD ./libraries/STM32H7xx_HAL_Driver/Src/stm32h7xx_hal_hash_ex.o
LOAD ./libraries/STM32H7xx_HAL_Driver/Src/stm32h7xx_hal_hcd.o
LOAD ./libraries/STM32H7xx_HAL_Driver/Src/stm32h7xx_hal_hrtim.o
LOAD ./libraries/STM32H7xx_HAL_Driver/Src/stm32h7xx_hal_hsem.o
LOAD ./libraries/STM32H7xx_HAL_Driver/Src/stm32h7xx_hal_i2c.o
LOAD ./libraries/STM32H7xx_HAL_Driver/Src/stm32h7xx_hal_i2c_ex.o
LOAD ./libraries/STM32H7xx_HAL_Driver/Src/stm32h7xx_hal_i2s.o
LOAD ./libraries/STM32H7xx_HAL_Driver/Src/stm32h7xx_hal_i2s_ex.o
LOAD ./libraries/STM32H7xx_HAL_Driver/Src/stm32h7xx_hal_irda.o
LOAD ./libraries/STM32H7xx_HAL_Driver/Src/stm32h7xx_hal_iwdg.o
LOAD ./libraries/STM32H7xx_HAL_Driver/Src/stm32h7xx_hal_jpeg.o
LOAD ./libraries/STM32H7xx_HAL_Driver/Src/stm32h7xx_hal_lptim.o
LOAD ./libraries/STM32H7xx_HAL_Driver/Src/stm32h7xx_hal_ltdc.o
LOAD ./libraries/STM32H7xx_HAL_Driver/Src/stm32h7xx_hal_ltdc_ex.o
LOAD ./libraries/STM32H7xx_HAL_Driver/Src/stm32h7xx_hal_mdios.o
LOAD ./libraries/STM32H7xx_HAL_Driver/Src/stm32h7xx_hal_mdma.o
LOAD ./libraries/STM32H7xx_HAL_Driver/Src/stm32h7xx_hal_mmc.o
LOAD ./libraries/STM32H7xx_HAL_Driver/Src/stm32h7xx_hal_mmc_ex.o
LOAD ./libraries/STM32H7xx_HAL_Driver/Src/stm32h7xx_hal_nand.o
LOAD ./libraries/STM32H7xx_HAL_Driver/Src/stm32h7xx_hal_nor.o
LOAD ./libraries/STM32H7xx_HAL_Driver/Src/stm32h7xx_hal_opamp.o
LOAD ./libraries/STM32H7xx_HAL_Driver/Src/stm32h7xx_hal_opamp_ex.o
LOAD ./libraries/STM32H7xx_HAL_Driver/Src/stm32h7xx_hal_ospi.o
LOAD ./libraries/STM32H7xx_HAL_Driver/Src/stm32h7xx_hal_otfdec.o
LOAD ./libraries/STM32H7xx_HAL_Driver/Src/stm32h7xx_hal_pcd.o
LOAD ./libraries/STM32H7xx_HAL_Driver/Src/stm32h7xx_hal_pcd_ex.o
LOAD ./libraries/STM32H7xx_HAL_Driver/Src/stm32h7xx_hal_pssi.o
LOAD ./libraries/STM32H7xx_HAL_Driver/Src/stm32h7xx_hal_pwr.o
LOAD ./libraries/STM32H7xx_HAL_Driver/Src/stm32h7xx_hal_pwr_ex.o
LOAD ./libraries/STM32H7xx_HAL_Driver/Src/stm32h7xx_hal_qspi.o
LOAD ./libraries/STM32H7xx_HAL_Driver/Src/stm32h7xx_hal_ramecc.o
LOAD ./libraries/STM32H7xx_HAL_Driver/Src/stm32h7xx_hal_rcc.o
LOAD ./libraries/STM32H7xx_HAL_Driver/Src/stm32h7xx_hal_rcc_ex.o
LOAD ./libraries/STM32H7xx_HAL_Driver/Src/stm32h7xx_hal_rng.o
LOAD ./libraries/STM32H7xx_HAL_Driver/Src/stm32h7xx_hal_rng_ex.o
LOAD ./libraries/STM32H7xx_HAL_Driver/Src/stm32h7xx_hal_rtc.o
LOAD ./libraries/STM32H7xx_HAL_Driver/Src/stm32h7xx_hal_rtc_ex.o
LOAD ./libraries/STM32H7xx_HAL_Driver/Src/stm32h7xx_hal_sai.o
LOAD ./libraries/STM32H7xx_HAL_Driver/Src/stm32h7xx_hal_sai_ex.o
LOAD ./libraries/STM32H7xx_HAL_Driver/Src/stm32h7xx_hal_sd.o
LOAD ./libraries/STM32H7xx_HAL_Driver/Src/stm32h7xx_hal_sd_ex.o
LOAD ./libraries/STM32H7xx_HAL_Driver/Src/stm32h7xx_hal_sdram.o
LOAD ./libraries/STM32H7xx_HAL_Driver/Src/stm32h7xx_hal_smartcard.o
LOAD ./libraries/STM32H7xx_HAL_Driver/Src/stm32h7xx_hal_smartcard_ex.o
LOAD ./libraries/STM32H7xx_HAL_Driver/Src/stm32h7xx_hal_smbus.o
LOAD ./libraries/STM32H7xx_HAL_Driver/Src/stm32h7xx_hal_spdifrx.o
LOAD ./libraries/STM32H7xx_HAL_Driver/Src/stm32h7xx_hal_spi.o
LOAD ./libraries/STM32H7xx_HAL_Driver/Src/stm32h7xx_hal_spi_ex.o
LOAD ./libraries/STM32H7xx_HAL_Driver/Src/stm32h7xx_hal_sram.o
LOAD ./libraries/STM32H7xx_HAL_Driver/Src/stm32h7xx_hal_swpmi.o
LOAD ./libraries/STM32H7xx_HAL_Driver/Src/stm32h7xx_hal_tim.o
LOAD ./libraries/STM32H7xx_HAL_Driver/Src/stm32h7xx_hal_tim_ex.o
LOAD ./libraries/STM32H7xx_HAL_Driver/Src/stm32h7xx_hal_uart.o
LOAD ./libraries/STM32H7xx_HAL_Driver/Src/stm32h7xx_hal_uart_ex.o
LOAD ./libraries/STM32H7xx_HAL_Driver/Src/stm32h7xx_hal_usart.o
LOAD ./libraries/STM32H7xx_HAL_Driver/Src/stm32h7xx_hal_usart_ex.o
LOAD ./libraries/STM32H7xx_HAL_Driver/Src/stm32h7xx_hal_wwdg.o
LOAD ./libraries/STM32H7xx_HAL_Driver/Src/stm32h7xx_ll_usb.o
LOAD ./libraries/CMSIS/Device/ST/STM32H7xx/Source/Templates/gcc/startup_stm32h747xx.o
LOAD ./libraries/CMSIS/Device/ST/STM32H7xx/Source/Templates/system_stm32h7xx.o
LOAD ./drivers/board.o
LOAD ./drivers/drv_adc.o
LOAD ./drivers/drv_clk.o
LOAD ./drivers/drv_common.o
LOAD ./drivers/drv_eth.o
LOAD ./drivers/drv_gpio.o
LOAD ./drivers/drv_hwtimer.o
LOAD ./drivers/drv_pwm.o
LOAD ./drivers/drv_qspi.o
LOAD ./drivers/drv_rtc.o
LOAD ./drivers/drv_sdio.o
LOAD ./drivers/drv_soft_i2c.o
LOAD ./drivers/drv_spi.o
LOAD ./drivers/drv_usart.o
LOAD ./drivers/drv_usbd.o
LOAD ./drivers/drv_usbh.o
LOAD ./drivers/drv_wdt.o
LOAD ./applications/main.o
START GROUP
LOAD c:/rt-threadstudio/repo/extract/toolchain_support_packages/arm/gnu_tools_for_arm_embedded_processors/5.4.1/bin/../lib/gcc/arm-none-eabi/5.4.1/armv7e-m/fpu/fpv5-sp-d16\libgcc.a
LOAD c:/rt-threadstudio/repo/extract/toolchain_support_packages/arm/gnu_tools_for_arm_embedded_processors/5.4.1/bin/../lib/gcc/arm-none-eabi/5.4.1/../../../../arm-none-eabi/lib/armv7e-m/fpu/fpv5-sp-d16\libg.a
LOAD c:/rt-threadstudio/repo/extract/toolchain_support_packages/arm/gnu_tools_for_arm_embedded_processors/5.4.1/bin/../lib/gcc/arm-none-eabi/5.4.1/../../../../arm-none-eabi/lib/armv7e-m/fpu/fpv5-sp-d16\libc.a
END GROUP
LOAD c:/rt-threadstudio/repo/extract/toolchain_support_packages/arm/gnu_tools_for_arm_embedded_processors/5.4.1/bin/../lib/gcc/arm-none-eabi/5.4.1/armv7e-m/fpu/fpv5-sp-d16/crtend.o
LOAD c:/rt-threadstudio/repo/extract/toolchain_support_packages/arm/gnu_tools_for_arm_embedded_processors/5.4.1/bin/../lib/gcc/arm-none-eabi/5.4.1/armv7e-m/fpu/fpv5-sp-d16/crtn.o
                0x00000400                _system_stack_size = 0x400

.text           0x08000000    0x10cb4
                0x08000000                . = ALIGN (0x4)
                0x08000000                _stext = .
 *(.isr_vector)
 .isr_vector    0x08000000      0x298 ./libraries/CMSIS/Device/ST/STM32H7xx/Source/Templates/gcc/startup_stm32h747xx.o
                0x08000000                g_pfnVectors
                0x08000298                . = ALIGN (0x4)
 *(.text)
 .text          0x08000298       0x5c c:/rt-threadstudio/repo/extract/toolchain_support_packages/arm/gnu_tools_for_arm_embedded_processors/5.4.1/bin/../lib/gcc/arm-none-eabi/5.4.1/armv7e-m/fpu/fpv5-sp-d16/crtbegin.o
 .text          0x080002f4      0x13c ./rt-thread/libcpu/arm/cortex-m7/context_gcc.o
                0x080002f4                rt_hw_interrupt_disable
                0x080002fc                rt_hw_interrupt_enable
                0x08000302                rt_hw_context_switch_interrupt
                0x08000302                rt_hw_context_switch
                0x08000322                PendSV_Handler
                0x0800038e                rt_hw_context_switch_to
                0x080003d4                rt_hw_interrupt_thread_switch
                0x080003d8                HardFault_Handler
 .text          0x08000430       0x30 c:/rt-threadstudio/repo/extract/toolchain_support_packages/arm/gnu_tools_for_arm_embedded_processors/5.4.1/bin/../lib/gcc/arm-none-eabi/5.4.1/armv7e-m/fpu/fpv5-sp-d16\libgcc.a(_aeabi_uldivmod.o)
                0x08000430                __aeabi_uldivmod
 .text          0x08000460      0x2e4 c:/rt-threadstudio/repo/extract/toolchain_support_packages/arm/gnu_tools_for_arm_embedded_processors/5.4.1/bin/../lib/gcc/arm-none-eabi/5.4.1/armv7e-m/fpu/fpv5-sp-d16\libgcc.a(_udivmoddi4.o)
                0x08000460                __udivmoddi4
 .text          0x08000744        0x4 c:/rt-threadstudio/repo/extract/toolchain_support_packages/arm/gnu_tools_for_arm_embedded_processors/5.4.1/bin/../lib/gcc/arm-none-eabi/5.4.1/armv7e-m/fpu/fpv5-sp-d16\libgcc.a(_dvmd_tls.o)
                0x08000744                __aeabi_idiv0
                0x08000744                __aeabi_ldiv0
 .text          0x08000748      0x134 c:/rt-threadstudio/repo/extract/toolchain_support_packages/arm/gnu_tools_for_arm_embedded_processors/5.4.1/bin/../lib/gcc/arm-none-eabi/5.4.1/../../../../arm-none-eabi/lib/armv7e-m/fpu/fpv5-sp-d16\libg.a(lib_a-memcpy.o)
                0x08000748                memcpy
 *fill*         0x0800087c        0x4 00000000
 .text          0x08000880       0xdc c:/rt-threadstudio/repo/extract/toolchain_support_packages/arm/gnu_tools_for_arm_embedded_processors/5.4.1/bin/../lib/gcc/arm-none-eabi/5.4.1/../../../../arm-none-eabi/lib/armv7e-m/fpu/fpv5-sp-d16\libg.a(lib_a-strlen.o)
                0x08000880                strlen
 *(.text.*)
 .text.rt_tick_get
                0x0800095c       0x18 ./rt-thread/src/clock.o
                0x0800095c                rt_tick_get
 .text.rt_tick_increase
                0x08000974       0x58 ./rt-thread/src/clock.o
                0x08000974                rt_tick_increase
 .text.rt_tick_from_millisecond
                0x080009cc       0x78 ./rt-thread/src/clock.o
                0x080009cc                rt_tick_from_millisecond
 .text.rti_start
                0x08000a44       0x10 ./rt-thread/src/components.o
 .text.rti_board_start
                0x08000a54       0x10 ./rt-thread/src/components.o
 .text.rti_board_end
                0x08000a64       0x10 ./rt-thread/src/components.o
 .text.rti_end  0x08000a74       0x10 ./rt-thread/src/components.o
 .text.rt_components_board_init
                0x08000a84       0x30 ./rt-thread/src/components.o
                0x08000a84                rt_components_board_init
 .text.rt_components_init
                0x08000ab4       0x30 ./rt-thread/src/components.o
                0x08000ab4                rt_components_init
 .text.entry    0x08000ae4       0x10 ./rt-thread/src/components.o
                0x08000ae4                entry
 .text.main_thread_entry
                0x08000af4       0x18 ./rt-thread/src/components.o
                0x08000af4                main_thread_entry
 .text.rt_application_init
                0x08000b0c       0x4c ./rt-thread/src/components.o
                0x08000b0c                rt_application_init
 .text.rtthread_startup
                0x08000b58       0x30 ./rt-thread/src/components.o
                0x08000b58                rtthread_startup
 .text.rt_device_register
                0x08000b88       0x54 ./rt-thread/src/device.o
                0x08000b88                rt_device_register
 .text.rt_device_find
                0x08000bdc       0x1c ./rt-thread/src/device.o
                0x08000bdc                rt_device_find
 .text.rt_device_open
                0x08000bf8      0x11c ./rt-thread/src/device.o
                0x08000bf8                rt_device_open
 .text.rt_device_close
                0x08000d14       0x9c ./rt-thread/src/device.o
                0x08000d14                rt_device_close
 .text.rt_device_read
                0x08000db0       0x88 ./rt-thread/src/device.o
                0x08000db0                rt_device_read
 .text.rt_device_write
                0x08000e38       0x88 ./rt-thread/src/device.o
                0x08000e38                rt_device_write
 .text.rt_device_set_rx_indicate
                0x08000ec0       0x54 ./rt-thread/src/device.o
                0x08000ec0                rt_device_set_rx_indicate
 .text.rt_list_remove
                0x08000f14       0x38 ./rt-thread/src/idle.o
 .text._has_defunct_thread
                0x08000f4c       0x2c ./rt-thread/src/idle.o
 .text.rt_thread_idle_excute
                0x08000f78       0x88 ./rt-thread/src/idle.o
                0x08000f78                rt_thread_idle_excute
 .text.rt_thread_idle_entry
                0x08001000       0x3c ./rt-thread/src/idle.o
 .text.rt_thread_idle_init
                0x0800103c       0x74 ./rt-thread/src/idle.o
                0x0800103c                rt_thread_idle_init
 .text.rt_list_init
                0x080010b0       0x24 ./rt-thread/src/ipc.o
 .text.rt_list_insert_before
                0x080010d4       0x34 ./rt-thread/src/ipc.o
 .text.rt_list_isempty
                0x08001108       0x24 ./rt-thread/src/ipc.o
 .text.rt_ipc_object_init
                0x0800112c       0x1c ./rt-thread/src/ipc.o
 .text.rt_ipc_list_suspend
                0x08001148       0x90 ./rt-thread/src/ipc.o
 .text.rt_ipc_list_resume
                0x080011d8       0x20 ./rt-thread/src/ipc.o
 .text.rt_sem_init
                0x080011f8       0x68 ./rt-thread/src/ipc.o
                0x080011f8                rt_sem_init
 .text.rt_sem_take
                0x08001260      0x160 ./rt-thread/src/ipc.o
                0x08001260                rt_sem_take
 .text.rt_sem_release
                0x080013c0       0xbc ./rt-thread/src/ipc.o
                0x080013c0                rt_sem_release
 .text.rt_interrupt_enter
                0x0800147c       0x40 ./rt-thread/src/irq.o
                0x0800147c                rt_interrupt_enter
 .text.rt_interrupt_leave
                0x080014bc       0x40 ./rt-thread/src/irq.o
                0x080014bc                rt_interrupt_leave
 .text.rt_interrupt_get_nest
                0x080014fc       0x28 ./rt-thread/src/irq.o
                0x080014fc                rt_interrupt_get_nest
 .text.rt_set_errno
                0x08001524       0x40 ./rt-thread/src/kservice.o
                0x08001524                rt_set_errno
 .text.rt_memset
                0x08001564       0xb8 ./rt-thread/src/kservice.o
                0x08001564                rt_memset
 .text.rt_memmove
                0x0800161c       0x84 ./rt-thread/src/kservice.o
                0x0800161c                rt_memmove
 .text.rt_strncpy
                0x080016a0       0x64 ./rt-thread/src/kservice.o
                0x080016a0                rt_strncpy
 .text.rt_strncmp
                0x08001704       0x4c ./rt-thread/src/kservice.o
                0x08001704                rt_strncmp
 .text.rt_strlen
                0x08001750       0x30 ./rt-thread/src/kservice.o
                0x08001750                rt_strlen
 .text.rt_show_version
                0x08001780       0x44 ./rt-thread/src/kservice.o
                0x08001780                rt_show_version
 .text.divide   0x080017c4       0x68 ./rt-thread/src/kservice.o
 .text.skip_atoi
                0x0800182c       0x40 ./rt-thread/src/kservice.o
 .text.print_number
                0x0800186c      0x1dc ./rt-thread/src/kservice.o
 .text.rt_vsnprintf
                0x08001a48      0x548 ./rt-thread/src/kservice.o
                0x08001a48                rt_vsnprintf
 .text.rt_vsprintf
                0x08001f90       0x24 ./rt-thread/src/kservice.o
                0x08001f90                rt_vsprintf
 .text.rt_sprintf
                0x08001fb4       0x2c ./rt-thread/src/kservice.o
                0x08001fb4                rt_sprintf
 .text.rt_console_get_device
                0x08001fe0       0x18 ./rt-thread/src/kservice.o
                0x08001fe0                rt_console_get_device
 .text.rt_console_set_device
                0x08001ff8       0x58 ./rt-thread/src/kservice.o
                0x08001ff8                rt_console_set_device
 .text.rt_hw_console_output
                0x08002050       0x14 ./rt-thread/src/kservice.o
                0x08002050                rt_hw_console_output
 .text.rt_kprintf
                0x08002064       0x80 ./rt-thread/src/kservice.o
                0x08002064                rt_kprintf
 .text.rt_assert_handler
                0x080020e4       0x4c ./rt-thread/src/kservice.o
                0x080020e4                rt_assert_handler
 .text.plug_holes
                0x08002130      0x100 ./rt-thread/src/mem.o
 .text.rt_system_heap_init
                0x08002230      0x118 ./rt-thread/src/mem.o
                0x08002230                rt_system_heap_init
 .text.rt_malloc
                0x08002348      0x294 ./rt-thread/src/mem.o
                0x08002348                rt_malloc
 .text.rt_calloc
                0x080025dc       0x3c ./rt-thread/src/mem.o
                0x080025dc                rt_calloc
 .text.rt_free  0x08002618      0x188 ./rt-thread/src/mem.o
                0x08002618                rt_free
 .text.list_mem
                0x080027a0       0x44 ./rt-thread/src/mem.o
                0x080027a0                list_mem
 .text.rt_list_insert_after
                0x080027e4       0x34 ./rt-thread/src/object.o
 .text.rt_list_remove
                0x08002818       0x38 ./rt-thread/src/object.o
 .text.rt_object_get_information
                0x08002850       0x48 ./rt-thread/src/object.o
                0x08002850                rt_object_get_information
 .text.rt_object_init
                0x08002898       0xcc ./rt-thread/src/object.o
                0x08002898                rt_object_init
 .text.rt_object_detach
                0x08002964       0x5c ./rt-thread/src/object.o
                0x08002964                rt_object_detach
 .text.rt_object_allocate
                0x080029c0       0xd8 ./rt-thread/src/object.o
                0x080029c0                rt_object_allocate
 .text.rt_object_delete
                0x08002a98       0x7c ./rt-thread/src/object.o
                0x08002a98                rt_object_delete
 .text.rt_object_is_systemobject
                0x08002b14       0x3c ./rt-thread/src/object.o
                0x08002b14                rt_object_is_systemobject
 .text.rt_object_get_type
                0x08002b50       0x34 ./rt-thread/src/object.o
                0x08002b50                rt_object_get_type
 .text.rt_object_find
                0x08002b84       0xb4 ./rt-thread/src/object.o
                0x08002b84                rt_object_find
 .text.rt_list_init
                0x08002c38       0x24 ./rt-thread/src/scheduler.o
 .text.rt_list_insert_before
                0x08002c5c       0x34 ./rt-thread/src/scheduler.o
 .text.rt_list_remove
                0x08002c90       0x38 ./rt-thread/src/scheduler.o
 .text.rt_list_isempty
                0x08002cc8       0x24 ./rt-thread/src/scheduler.o
 .text._rt_scheduler_stack_check
                0x08002cec       0x94 ./rt-thread/src/scheduler.o
 .text._get_highest_priority_thread
                0x08002d80       0x38 ./rt-thread/src/scheduler.o
 .text.rt_system_scheduler_init
                0x08002db8       0x40 ./rt-thread/src/scheduler.o
                0x08002db8                rt_system_scheduler_init
 .text.rt_system_scheduler_start
                0x08002df8       0x38 ./rt-thread/src/scheduler.o
                0x08002df8                rt_system_scheduler_start
 .text.rt_schedule
                0x08002e30      0x188 ./rt-thread/src/scheduler.o
                0x08002e30                rt_schedule
 .text.rt_schedule_insert_thread
                0x08002fb8       0xac ./rt-thread/src/scheduler.o
                0x08002fb8                rt_schedule_insert_thread
 .text.rt_schedule_remove_thread
                0x08003064       0x70 ./rt-thread/src/scheduler.o
                0x08003064                rt_schedule_remove_thread
 .text.rt_enter_critical
                0x080030d4       0x2c ./rt-thread/src/scheduler.o
                0x080030d4                rt_enter_critical
 .text.rt_exit_critical
                0x08003100       0x54 ./rt-thread/src/scheduler.o
                0x08003100                rt_exit_critical
 .text.rt_list_init
                0x08003154       0x24 ./rt-thread/src/thread.o
 .text.rt_list_insert_after
                0x08003178       0x34 ./rt-thread/src/thread.o
 .text.rt_list_remove
                0x080031ac       0x38 ./rt-thread/src/thread.o
 .text._thread_cleanup_execute
                0x080031e4       0x2c ./rt-thread/src/thread.o
 .text.rt_thread_exit
                0x08003210       0x68 ./rt-thread/src/thread.o
                0x08003210                rt_thread_exit
 .text._rt_thread_init
                0x08003278       0xf8 ./rt-thread/src/thread.o
 .text.rt_thread_init
                0x08003370       0x70 ./rt-thread/src/thread.o
                0x08003370                rt_thread_init
 .text.rt_thread_self
                0x080033e0       0x18 ./rt-thread/src/thread.o
                0x080033e0                rt_thread_self
 .text.rt_thread_startup
                0x080033f8       0xa0 ./rt-thread/src/thread.o
                0x080033f8                rt_thread_startup
 .text.rt_thread_create
                0x08003498       0x64 ./rt-thread/src/thread.o
                0x08003498                rt_thread_create
 .text.rt_thread_sleep
                0x080034fc       0x8c ./rt-thread/src/thread.o
                0x080034fc                rt_thread_sleep
 .text.rt_thread_delay
                0x08003588       0x18 ./rt-thread/src/thread.o
                0x08003588                rt_thread_delay
 .text.rt_thread_mdelay
                0x080035a0       0x20 ./rt-thread/src/thread.o
                0x080035a0                rt_thread_mdelay
 .text.rt_thread_suspend
                0x080035c0       0xcc ./rt-thread/src/thread.o
                0x080035c0                rt_thread_suspend
 .text.rt_thread_resume
                0x0800368c       0x98 ./rt-thread/src/thread.o
                0x0800368c                rt_thread_resume
 .text.rt_thread_timeout
                0x08003724       0x84 ./rt-thread/src/thread.o
                0x08003724                rt_thread_timeout
 .text.rt_list_init
                0x080037a8       0x24 ./rt-thread/src/timer.o
 .text.rt_list_insert_after
                0x080037cc       0x34 ./rt-thread/src/timer.o
 .text.rt_list_remove
                0x08003800       0x38 ./rt-thread/src/timer.o
 .text.rt_list_isempty
                0x08003838       0x24 ./rt-thread/src/timer.o
 .text._rt_timer_init
                0x0800385c       0x68 ./rt-thread/src/timer.o
 .text.rt_timer_list_next_timeout
                0x080038c4       0x40 ./rt-thread/src/timer.o
 .text._rt_timer_remove
                0x08003904       0x34 ./rt-thread/src/timer.o
 .text.rt_timer_init
                0x08003938       0x48 ./rt-thread/src/timer.o
                0x08003938                rt_timer_init
 .text.rt_timer_detach
                0x08003980       0x88 ./rt-thread/src/timer.o
                0x08003980                rt_timer_detach
 .text.rt_timer_start
                0x08003a08      0x23c ./rt-thread/src/timer.o
                0x08003a08                rt_timer_start
 .text.rt_timer_stop
                0x08003c44       0x94 ./rt-thread/src/timer.o
                0x08003c44                rt_timer_stop
 .text.rt_timer_control
                0x08003cd8       0xd0 ./rt-thread/src/timer.o
                0x08003cd8                rt_timer_control
 .text.rt_timer_check
                0x08003da8      0x108 ./rt-thread/src/timer.o
                0x08003da8                rt_timer_check
 .text.rt_soft_timer_check
                0x08003eb0      0x120 ./rt-thread/src/timer.o
                0x08003eb0                rt_soft_timer_check
 .text.rt_thread_timer_entry
                0x08003fd0       0x58 ./rt-thread/src/timer.o
 .text.rt_system_timer_init
                0x08004028       0x34 ./rt-thread/src/timer.o
                0x08004028                rt_system_timer_init
 .text.rt_system_timer_thread_init
                0x0800405c       0x68 ./rt-thread/src/timer.o
                0x0800405c                rt_system_timer_thread_init
 .text.rt_hw_stack_init
                0x080040c4       0x90 ./rt-thread/libcpu/arm/cortex-m7/cpuport.o
                0x080040c4                rt_hw_stack_init
 .text.usage_fault_track
                0x08004154       0xc4 ./rt-thread/libcpu/arm/cortex-m7/cpuport.o
 .text.bus_fault_track
                0x08004218       0xcc ./rt-thread/libcpu/arm/cortex-m7/cpuport.o
 .text.mem_manage_fault_track
                0x080042e4       0xb4 ./rt-thread/libcpu/arm/cortex-m7/cpuport.o
 .text.hard_fault_track
                0x08004398       0x78 ./rt-thread/libcpu/arm/cortex-m7/cpuport.o
 .text.rt_hw_hard_fault_exception
                0x08004410      0x184 ./rt-thread/libcpu/arm/cortex-m7/cpuport.o
                0x08004410                rt_hw_hard_fault_exception
 .text.rt_hw_cpu_reset
                0x08004594       0x1c ./rt-thread/libcpu/arm/cortex-m7/cpuport.o
                0x08004594                rt_hw_cpu_reset
 .text.__rt_ffs
                0x080045b0       0x2c ./rt-thread/libcpu/arm/cortex-m7/cpuport.o
                0x080045b0                __rt_ffs
 .text.rt_list_isempty
                0x080045dc       0x24 ./rt-thread/components/finsh/cmd.o
 .text.rt_list_len
                0x08004600       0x38 ./rt-thread/components/finsh/cmd.o
 .text.hello    0x08004638       0x14 ./rt-thread/components/finsh/cmd.o
                0x08004638                hello
 .text.clear    0x0800464c       0x14 ./rt-thread/components/finsh/cmd.o
 .text.version  0x08004660       0x10 ./rt-thread/components/finsh/cmd.o
                0x08004660                version
 .text.object_split
                0x08004670       0x28 ./rt-thread/components/finsh/cmd.o
 .text.list_find_init
                0x08004698       0x48 ./rt-thread/components/finsh/cmd.o
 .text.list_get_next
                0x080046e0       0xc8 ./rt-thread/components/finsh/cmd.o
 .text.list_thread
                0x080047a8      0x208 ./rt-thread/components/finsh/cmd.o
                0x080047a8                list_thread
 .text.show_wait_queue
                0x080049b0       0x50 ./rt-thread/components/finsh/cmd.o
 .text.list_sem
                0x08004a00      0x12c ./rt-thread/components/finsh/cmd.o
                0x08004a00                list_sem
 .text.list_event
                0x08004b2c      0x118 ./rt-thread/components/finsh/cmd.o
                0x08004b2c                list_event
 .text.list_mutex
                0x08004c44       0xe8 ./rt-thread/components/finsh/cmd.o
                0x08004c44                list_mutex
 .text.list_mailbox
                0x08004d2c      0x13c ./rt-thread/components/finsh/cmd.o
                0x08004d2c                list_mailbox
 .text.list_msgqueue
                0x08004e68      0x12c ./rt-thread/components/finsh/cmd.o
                0x08004e68                list_msgqueue
 .text.list_mempool
                0x08004f94      0x144 ./rt-thread/components/finsh/cmd.o
                0x08004f94                list_mempool
 .text.list_timer
                0x080050d8      0x108 ./rt-thread/components/finsh/cmd.o
                0x080050d8                list_timer
 .text.list_device
                0x080051e0       0xf0 ./rt-thread/components/finsh/cmd.o
                0x080051e0                list_device
 .text.list     0x080052d0       0x6c ./rt-thread/components/finsh/cmd.o
                0x080052d0                list
 .text.msh_is_used
                0x0800533c       0x10 ./rt-thread/components/finsh/msh.o
                0x0800533c                msh_is_used
 .text.msh_help
                0x0800534c       0x7c ./rt-thread/components/finsh/msh.o
                0x0800534c                msh_help
 .text.cmd_ps   0x080053c8       0x18 ./rt-thread/components/finsh/msh.o
                0x080053c8                cmd_ps
 .text.cmd_free
                0x080053e0       0x18 ./rt-thread/components/finsh/msh.o
                0x080053e0                cmd_free
 .text.msh_split
                0x080053f8      0x170 ./rt-thread/components/finsh/msh.o
 .text.msh_get_cmd
                0x08005568       0x80 ./rt-thread/components/finsh/msh.o
 .text._msh_exec_cmd
                0x080055e8       0xd4 ./rt-thread/components/finsh/msh.o
 .text.msh_exec
                0x080056bc       0x84 ./rt-thread/components/finsh/msh.o
                0x080056bc                msh_exec
 .text.str_common
                0x08005740       0x4c ./rt-thread/components/finsh/msh.o
 .text.msh_auto_complete
                0x0800578c       0xd0 ./rt-thread/components/finsh/msh.o
                0x0800578c                msh_auto_complete
 .text.finsh_get_prompt
                0x0800585c       0xa0 ./rt-thread/components/finsh/shell.o
                0x0800585c                finsh_get_prompt
 .text.finsh_set_prompt_mode
                0x080058fc       0x48 ./rt-thread/components/finsh/shell.o
                0x080058fc                finsh_set_prompt_mode
 .text.finsh_getchar
                0x08005944       0x5c ./rt-thread/components/finsh/shell.o
 .text.finsh_rx_ind
                0x080059a0       0x3c ./rt-thread/components/finsh/shell.o
 .text.finsh_set_device
                0x080059dc       0xd8 ./rt-thread/components/finsh/shell.o
                0x080059dc                finsh_set_device
 .text.shell_auto_complete
                0x08005ab4       0x40 ./rt-thread/components/finsh/shell.o
 .text.shell_handle_history
                0x08005af4       0x34 ./rt-thread/components/finsh/shell.o
 .text.shell_push_history
                0x08005b28      0x160 ./rt-thread/components/finsh/shell.o
 .text.finsh_thread_entry
                0x08005c88      0x5d8 ./rt-thread/components/finsh/shell.o
                0x08005c88                finsh_thread_entry
 .text.finsh_system_function_init
                0x08006260       0x2c ./rt-thread/components/finsh/shell.o
                0x08006260                finsh_system_function_init
 .text.finsh_system_var_init
                0x0800628c       0x2c ./rt-thread/components/finsh/shell.o
                0x0800628c                finsh_system_var_init
 .text.finsh_system_init
                0x080062b8       0xac ./rt-thread/components/finsh/shell.o
                0x080062b8                finsh_system_init
 .text.rt_list_init
                0x08006364       0x24 ./rt-thread/components/drivers/src/completion.o
 .text.rt_list_insert_before
                0x08006388       0x34 ./rt-thread/components/drivers/src/completion.o
 .text.rt_list_isempty
                0x080063bc       0x24 ./rt-thread/components/drivers/src/completion.o
 .text.rt_completion_init
                0x080063e0       0x44 ./rt-thread/components/drivers/src/completion.o
                0x080063e0                rt_completion_init
 .text.rt_completion_wait
                0x08006424       0xfc ./rt-thread/components/drivers/src/completion.o
                0x08006424                rt_completion_wait
 .text.rt_completion_done
                0x08006520       0x70 ./rt-thread/components/drivers/src/completion.o
                0x08006520                rt_completion_done
 .text._serial_poll_rx
                0x08006590       0x80 ./rt-thread/components/drivers/serial/serial.o
 .text._serial_poll_tx
                0x08006610       0x7c ./rt-thread/components/drivers/serial/serial.o
 .text._serial_int_rx
                0x0800668c       0xd8 ./rt-thread/components/drivers/serial/serial.o
 .text._serial_int_tx
                0x08006764       0xc4 ./rt-thread/components/drivers/serial/serial.o
 .text._serial_check_buffer_size
                0x08006828       0x38 ./rt-thread/components/drivers/serial/serial.o
 .text.rt_serial_init
                0x08006860       0x5c ./rt-thread/components/drivers/serial/serial.o
 .text.rt_serial_open
                0x080068bc      0x20c ./rt-thread/components/drivers/serial/serial.o
 .text.rt_serial_close
                0x08006ac8       0xe0 ./rt-thread/components/drivers/serial/serial.o
 .text.rt_serial_read
                0x08006ba8       0x68 ./rt-thread/components/drivers/serial/serial.o
 .text.rt_serial_write
                0x08006c10       0x68 ./rt-thread/components/drivers/serial/serial.o
 .text.rt_serial_control
                0x08006c78       0xd0 ./rt-thread/components/drivers/serial/serial.o
 .text.rt_hw_serial_register
                0x08006d48       0x9c ./rt-thread/components/drivers/serial/serial.o
                0x08006d48                rt_hw_serial_register
 .text.rt_hw_serial_isr
                0x08006de4      0x14c ./rt-thread/components/drivers/serial/serial.o
                0x08006de4                rt_hw_serial_isr
 .text._pin_read
                0x08006f30       0x60 ./rt-thread/components/drivers/misc/pin.o
 .text._pin_write
                0x08006f90       0x5c ./rt-thread/components/drivers/misc/pin.o
 .text._pin_control
                0x08006fec       0x58 ./rt-thread/components/drivers/misc/pin.o
 .text.rt_device_pin_register
                0x08007044       0x74 ./rt-thread/components/drivers/misc/pin.o
                0x08007044                rt_device_pin_register
 .text.rt_pin_mode
                0x080070b8       0x40 ./rt-thread/components/drivers/misc/pin.o
                0x080070b8                rt_pin_mode
 .text.rt_pin_write
                0x080070f8       0x40 ./rt-thread/components/drivers/misc/pin.o
                0x080070f8                rt_pin_write
 .text.rt_pin_read
                0x08007138       0x3c ./rt-thread/components/drivers/misc/pin.o
                0x08007138                rt_pin_read
 .text.rt_pin_get
                0x08007174       0x60 ./rt-thread/components/drivers/misc/pin.o
                0x08007174                rt_pin_get
 .text.HAL_Init
                0x080071d4       0x70 ./libraries/STM32H7xx_HAL_Driver/Src/stm32h7xx_hal.o
                0x080071d4                HAL_Init
 .text.HAL_MspInit
                0x08007244       0x10 ./libraries/STM32H7xx_HAL_Driver/Src/stm32h7xx_hal.o
                0x08007244                HAL_MspInit
 .text.HAL_IncTick
                0x08007254       0x28 ./libraries/STM32H7xx_HAL_Driver/Src/stm32h7xx_hal.o
                0x08007254                HAL_IncTick
 .text.HAL_GetREVID
                0x0800727c       0x18 ./libraries/STM32H7xx_HAL_Driver/Src/stm32h7xx_hal.o
                0x0800727c                HAL_GetREVID
 .text.__NVIC_SetPriorityGrouping
                0x08007294       0x48 ./libraries/STM32H7xx_HAL_Driver/Src/stm32h7xx_hal_cortex.o
 .text.__NVIC_GetPriorityGrouping
                0x080072dc       0x1c ./libraries/STM32H7xx_HAL_Driver/Src/stm32h7xx_hal_cortex.o
 .text.__NVIC_EnableIRQ
                0x080072f8       0x3c ./libraries/STM32H7xx_HAL_Driver/Src/stm32h7xx_hal_cortex.o
 .text.__NVIC_DisableIRQ
                0x08007334       0x44 ./libraries/STM32H7xx_HAL_Driver/Src/stm32h7xx_hal_cortex.o
 .text.__NVIC_SetPriority
                0x08007378       0x54 ./libraries/STM32H7xx_HAL_Driver/Src/stm32h7xx_hal_cortex.o
 .text.NVIC_EncodePriority
                0x080073cc       0x64 ./libraries/STM32H7xx_HAL_Driver/Src/stm32h7xx_hal_cortex.o
 .text.SysTick_Config
                0x08007430       0x44 ./libraries/STM32H7xx_HAL_Driver/Src/stm32h7xx_hal_cortex.o
 .text.HAL_NVIC_SetPriorityGrouping
                0x08007474       0x18 ./libraries/STM32H7xx_HAL_Driver/Src/stm32h7xx_hal_cortex.o
                0x08007474                HAL_NVIC_SetPriorityGrouping
 .text.HAL_NVIC_SetPriority
                0x0800748c       0x34 ./libraries/STM32H7xx_HAL_Driver/Src/stm32h7xx_hal_cortex.o
                0x0800748c                HAL_NVIC_SetPriority
 .text.HAL_NVIC_EnableIRQ
                0x080074c0       0x1c ./libraries/STM32H7xx_HAL_Driver/Src/stm32h7xx_hal_cortex.o
                0x080074c0                HAL_NVIC_EnableIRQ
 .text.HAL_NVIC_DisableIRQ
                0x080074dc       0x1c ./libraries/STM32H7xx_HAL_Driver/Src/stm32h7xx_hal_cortex.o
                0x080074dc                HAL_NVIC_DisableIRQ
 .text.HAL_SYSTICK_Config
                0x080074f8       0x18 ./libraries/STM32H7xx_HAL_Driver/Src/stm32h7xx_hal_cortex.o
                0x080074f8                HAL_SYSTICK_Config
 .text.HAL_SYSTICK_CLKSourceConfig
                0x08007510       0x38 ./libraries/STM32H7xx_HAL_Driver/Src/stm32h7xx_hal_cortex.o
                0x08007510                HAL_SYSTICK_CLKSourceConfig
 .text.HAL_DMA_Start_IT
                0x08007548      0x4d4 ./libraries/STM32H7xx_HAL_Driver/Src/stm32h7xx_hal_dma.o
                0x08007548                HAL_DMA_Start_IT
 .text.DMA_SetConfig
                0x08007a1c      0x358 ./libraries/STM32H7xx_HAL_Driver/Src/stm32h7xx_hal_dma.o
 .text.HAL_GPIO_Init
                0x08007d74      0x360 ./libraries/STM32H7xx_HAL_Driver/Src/stm32h7xx_hal_gpio.o
                0x08007d74                HAL_GPIO_Init
 .text.HAL_GPIO_DeInit
                0x080080d4      0x214 ./libraries/STM32H7xx_HAL_Driver/Src/stm32h7xx_hal_gpio.o
                0x080080d4                HAL_GPIO_DeInit
 .text.HAL_GPIO_ReadPin
                0x080082e8       0x30 ./libraries/STM32H7xx_HAL_Driver/Src/stm32h7xx_hal_gpio.o
                0x080082e8                HAL_GPIO_ReadPin
 .text.HAL_GPIO_WritePin
                0x08008318       0x34 ./libraries/STM32H7xx_HAL_Driver/Src/stm32h7xx_hal_gpio.o
                0x08008318                HAL_GPIO_WritePin
 .text.HAL_GPIO_EXTI_IRQHandler
                0x0800834c       0x34 ./libraries/STM32H7xx_HAL_Driver/Src/stm32h7xx_hal_gpio.o
                0x0800834c                HAL_GPIO_EXTI_IRQHandler
 .text.HAL_PWREx_ConfigSupply
                0x08008380       0xb0 ./libraries/STM32H7xx_HAL_Driver/Src/stm32h7xx_hal_pwr_ex.o
                0x08008380                HAL_PWREx_ConfigSupply
 .text.HAL_RCC_OscConfig
                0x08008430      0x7b0 ./libraries/STM32H7xx_HAL_Driver/Src/stm32h7xx_hal_rcc.o
                0x08008430                HAL_RCC_OscConfig
 .text.HAL_RCC_ClockConfig
                0x08008be0      0x348 ./libraries/STM32H7xx_HAL_Driver/Src/stm32h7xx_hal_rcc.o
                0x08008be0                HAL_RCC_ClockConfig
 .text.HAL_RCC_GetSysClockFreq
                0x08008f28      0x2e8 ./libraries/STM32H7xx_HAL_Driver/Src/stm32h7xx_hal_rcc.o
                0x08008f28                HAL_RCC_GetSysClockFreq
 .text.HAL_RCC_GetHCLKFreq
                0x08009210       0x38 ./libraries/STM32H7xx_HAL_Driver/Src/stm32h7xx_hal_rcc.o
                0x08009210                HAL_RCC_GetHCLKFreq
 .text.HAL_RCC_GetPCLK1Freq
                0x08009248       0x2c ./libraries/STM32H7xx_HAL_Driver/Src/stm32h7xx_hal_rcc.o
                0x08009248                HAL_RCC_GetPCLK1Freq
 .text.HAL_RCC_GetPCLK2Freq
                0x08009274       0x2c ./libraries/STM32H7xx_HAL_Driver/Src/stm32h7xx_hal_rcc.o
                0x08009274                HAL_RCC_GetPCLK2Freq
 .text.HAL_RCCEx_GetD3PCLK1Freq
                0x080092a0       0x2c ./libraries/STM32H7xx_HAL_Driver/Src/stm32h7xx_hal_rcc_ex.o
                0x080092a0                HAL_RCCEx_GetD3PCLK1Freq
 .text.HAL_RCCEx_GetPLL2ClockFreq
                0x080092cc      0x29c ./libraries/STM32H7xx_HAL_Driver/Src/stm32h7xx_hal_rcc_ex.o
                0x080092cc                HAL_RCCEx_GetPLL2ClockFreq
 .text.HAL_RCCEx_GetPLL3ClockFreq
                0x08009568      0x29c ./libraries/STM32H7xx_HAL_Driver/Src/stm32h7xx_hal_rcc_ex.o
                0x08009568                HAL_RCCEx_GetPLL3ClockFreq
 .text.HAL_RCCEx_GetD1SysClockFreq
                0x08009804       0x38 ./libraries/STM32H7xx_HAL_Driver/Src/stm32h7xx_hal_rcc_ex.o
                0x08009804                HAL_RCCEx_GetD1SysClockFreq
 .text.HAL_UART_Init
                0x0800983c       0xa0 ./libraries/STM32H7xx_HAL_Driver/Src/stm32h7xx_hal_uart.o
                0x0800983c                HAL_UART_Init
 .text.HAL_UART_MspInit
                0x080098dc       0x14 ./libraries/STM32H7xx_HAL_Driver/Src/stm32h7xx_hal_uart.o
                0x080098dc                HAL_UART_MspInit
 .text.HAL_UART_Transmit_DMA
                0x080098f0      0x100 ./libraries/STM32H7xx_HAL_Driver/Src/stm32h7xx_hal_uart.o
                0x080098f0                HAL_UART_Transmit_DMA
 .text.HAL_UART_TxCpltCallback
                0x080099f0       0x14 ./libraries/STM32H7xx_HAL_Driver/Src/stm32h7xx_hal_uart.o
                0x080099f0                HAL_UART_TxCpltCallback
 .text.HAL_UART_TxHalfCpltCallback
                0x08009a04       0x14 ./libraries/STM32H7xx_HAL_Driver/Src/stm32h7xx_hal_uart.o
                0x08009a04                HAL_UART_TxHalfCpltCallback
 .text.HAL_UART_ErrorCallback
                0x08009a18       0x14 ./libraries/STM32H7xx_HAL_Driver/Src/stm32h7xx_hal_uart.o
                0x08009a18                HAL_UART_ErrorCallback
 *fill*         0x08009a2c        0x4 00000000
 .text.UART_SetConfig
                0x08009a30     0x22bc ./libraries/STM32H7xx_HAL_Driver/Src/stm32h7xx_hal_uart.o
                0x08009a30                UART_SetConfig
 .text.UART_AdvFeatureConfig
                0x0800bcec      0x144 ./libraries/STM32H7xx_HAL_Driver/Src/stm32h7xx_hal_uart.o
                0x0800bcec                UART_AdvFeatureConfig
 .text.UART_CheckIdleState
                0x0800be30       0x90 ./libraries/STM32H7xx_HAL_Driver/Src/stm32h7xx_hal_uart.o
                0x0800be30                UART_CheckIdleState
 .text.UART_WaitOnFlagUntilTimeout
                0x0800bec0      0x100 ./libraries/STM32H7xx_HAL_Driver/Src/stm32h7xx_hal_uart.o
                0x0800bec0                UART_WaitOnFlagUntilTimeout
 .text.UART_EndTxTransfer
                0x0800bfc0       0x3c ./libraries/STM32H7xx_HAL_Driver/Src/stm32h7xx_hal_uart.o
 .text.UART_EndRxTransfer
                0x0800bffc       0x48 ./libraries/STM32H7xx_HAL_Driver/Src/stm32h7xx_hal_uart.o
 .text.UART_DMATransmitCplt
                0x0800c044       0x50 ./libraries/STM32H7xx_HAL_Driver/Src/stm32h7xx_hal_uart.o
 .text.UART_DMATxHalfCplt
                0x0800c094       0x1c ./libraries/STM32H7xx_HAL_Driver/Src/stm32h7xx_hal_uart.o
 .text.UART_DMAError
                0x0800c0b0       0x80 ./libraries/STM32H7xx_HAL_Driver/Src/stm32h7xx_hal_uart.o
 .text.Reset_Handler
                0x0800c130       0x4c ./libraries/CMSIS/Device/ST/STM32H7xx/Source/Templates/gcc/startup_stm32h747xx.o
                0x0800c130                Reset_Handler
 .text.Default_Handler
                0x0800c17c        0x2 ./libraries/CMSIS/Device/ST/STM32H7xx/Source/Templates/gcc/startup_stm32h747xx.o
                0x0800c17c                RTC_Alarm_IRQHandler
                0x0800c17c                TIM8_CC_IRQHandler
                0x0800c17c                HRTIM1_Master_IRQHandler
                0x0800c17c                DebugMon_Handler
                0x0800c17c                UART8_IRQHandler
                0x0800c17c                SPI4_IRQHandler
                0x0800c17c                TIM1_CC_IRQHandler
                0x0800c17c                BDMA_Channel6_IRQHandler
                0x0800c17c                DMA2_Stream5_IRQHandler
                0x0800c17c                HRTIM1_FLT_IRQHandler
                0x0800c17c                JPEG_IRQHandler
                0x0800c17c                DMA1_Stream5_IRQHandler
                0x0800c17c                BDMA_Channel1_IRQHandler
                0x0800c17c                HRTIM1_TIMD_IRQHandler
                0x0800c17c                TAMP_STAMP_IRQHandler
                0x0800c17c                NMI_Handler
                0x0800c17c                LPTIM4_IRQHandler
                0x0800c17c                TIM8_TRG_COM_TIM14_IRQHandler
                0x0800c17c                LPTIM2_IRQHandler
                0x0800c17c                DFSDM1_FLT1_IRQHandler
                0x0800c17c                DMAMUX2_OVR_IRQHandler
                0x0800c17c                TIM8_UP_TIM13_IRQHandler
                0x0800c17c                I2C3_ER_IRQHandler
                0x0800c17c                DFSDM1_FLT2_IRQHandler
                0x0800c17c                MDMA_IRQHandler
                0x0800c17c                LPTIM3_IRQHandler
                0x0800c17c                HSEM1_IRQHandler
                0x0800c17c                I2C2_EV_IRQHandler
                0x0800c17c                DMA1_Stream2_IRQHandler
                0x0800c17c                FPU_IRQHandler
                0x0800c17c                OTG_HS_WKUP_IRQHandler
                0x0800c17c                FDCAN1_IT1_IRQHandler
                0x0800c17c                UsageFault_Handler
                0x0800c17c                LTDC_ER_IRQHandler
                0x0800c17c                DMA2_Stream2_IRQHandler
                0x0800c17c                HRTIM1_TIME_IRQHandler
                0x0800c17c                SPI1_IRQHandler
                0x0800c17c                TIM6_DAC_IRQHandler
                0x0800c17c                DCMI_IRQHandler
                0x0800c17c                HRTIM1_TIMC_IRQHandler
                0x0800c17c                DMA2_Stream3_IRQHandler
                0x0800c17c                SAI2_IRQHandler
                0x0800c17c                DFSDM1_FLT3_IRQHandler
                0x0800c17c                USART6_IRQHandler
                0x0800c17c                TIM17_IRQHandler
                0x0800c17c                BDMA_Channel7_IRQHandler
                0x0800c17c                LPTIM5_IRQHandler
                0x0800c17c                UART5_IRQHandler
                0x0800c17c                ADC3_IRQHandler
                0x0800c17c                DMA2_Stream0_IRQHandler
                0x0800c17c                TIM4_IRQHandler
                0x0800c17c                BDMA_Channel2_IRQHandler
                0x0800c17c                QUADSPI_IRQHandler
                0x0800c17c                I2C1_EV_IRQHandler
                0x0800c17c                DMA1_Stream6_IRQHandler
                0x0800c17c                DMAMUX1_OVR_IRQHandler
                0x0800c17c                DMA1_Stream1_IRQHandler
                0x0800c17c                TIM16_IRQHandler
                0x0800c17c                UART4_IRQHandler
                0x0800c17c                BDMA_Channel5_IRQHandler
                0x0800c17c                TIM3_IRQHandler
                0x0800c17c                RCC_IRQHandler
                0x0800c17c                TIM8_BRK_TIM12_IRQHandler
                0x0800c17c                TIM1_TRG_COM_IRQHandler
                0x0800c17c                Default_Handler
                0x0800c17c                ECC_IRQHandler
                0x0800c17c                CEC_IRQHandler
                0x0800c17c                BDMA_Channel0_IRQHandler
                0x0800c17c                ADC_IRQHandler
                0x0800c17c                DMA1_Stream7_IRQHandler
                0x0800c17c                HRTIM1_TIMA_IRQHandler
                0x0800c17c                SPI5_IRQHandler
                0x0800c17c                TIM7_IRQHandler
                0x0800c17c                SDMMC1_IRQHandler
                0x0800c17c                TIM5_IRQHandler
                0x0800c17c                DMA2_Stream7_IRQHandler
                0x0800c17c                TIM15_IRQHandler
                0x0800c17c                PVD_AVD_IRQHandler
                0x0800c17c                I2C3_EV_IRQHandler
                0x0800c17c                RTC_WKUP_IRQHandler
                0x0800c17c                LTDC_IRQHandler
                0x0800c17c                SAI3_IRQHandler
                0x0800c17c                ETH_WKUP_IRQHandler
                0x0800c17c                SPDIF_RX_IRQHandler
                0x0800c17c                SPI2_IRQHandler
                0x0800c17c                OTG_HS_EP1_IN_IRQHandler
                0x0800c17c                MemManage_Handler
                0x0800c17c                DMA1_Stream0_IRQHandler
                0x0800c17c                SVC_Handler
                0x0800c17c                CRS_IRQHandler
                0x0800c17c                CM7_SEV_IRQHandler
                0x0800c17c                RNG_IRQHandler
                0x0800c17c                CM4_SEV_IRQHandler
                0x0800c17c                HRTIM1_TIMB_IRQHandler
                0x0800c17c                FDCAN2_IT1_IRQHandler
                0x0800c17c                DSI_IRQHandler
                0x0800c17c                ETH_IRQHandler
                0x0800c17c                TIM1_UP_IRQHandler
                0x0800c17c                WWDG_RST_IRQHandler
                0x0800c17c                BDMA_Channel4_IRQHandler
                0x0800c17c                OTG_HS_EP1_OUT_IRQHandler
                0x0800c17c                WWDG_IRQHandler
                0x0800c17c                SPI6_IRQHandler
                0x0800c17c                MDIOS_IRQHandler
                0x0800c17c                I2C4_EV_IRQHandler
                0x0800c17c                FDCAN2_IT0_IRQHandler
                0x0800c17c                LPUART1_IRQHandler
                0x0800c17c                FDCAN1_IT0_IRQHandler
                0x0800c17c                TIM2_IRQHandler
                0x0800c17c                OTG_FS_WKUP_IRQHandler
                0x0800c17c                OTG_HS_IRQHandler
                0x0800c17c                HSEM2_IRQHandler
                0x0800c17c                DMA2D_IRQHandler
                0x0800c17c                TIM1_BRK_IRQHandler
                0x0800c17c                SDMMC2_IRQHandler
                0x0800c17c                OTG_FS_EP1_OUT_IRQHandler
                0x0800c17c                BDMA_Channel3_IRQHandler
                0x0800c17c                HOLD_CORE_IRQHandler
                0x0800c17c                UART7_IRQHandler
                0x0800c17c                MDIOS_WKUP_IRQHandler
                0x0800c17c                USART2_IRQHandler
                0x0800c17c                DFSDM1_FLT0_IRQHandler
                0x0800c17c                SAI4_IRQHandler
                0x0800c17c                I2C2_ER_IRQHandler
                0x0800c17c                DMA2_Stream1_IRQHandler
                0x0800c17c                FLASH_IRQHandler
                0x0800c17c                DMA2_Stream4_IRQHandler
                0x0800c17c                BusFault_Handler
                0x0800c17c                USART1_IRQHandler
                0x0800c17c                OTG_FS_IRQHandler
                0x0800c17c                SPI3_IRQHandler
                0x0800c17c                WAKEUP_PIN_IRQHandler
                0x0800c17c                DMA1_Stream4_IRQHandler
                0x0800c17c                OTG_FS_EP1_IN_IRQHandler
                0x0800c17c                I2C1_ER_IRQHandler
                0x0800c17c                FMC_IRQHandler
                0x0800c17c                FDCAN_CAL_IRQHandler
                0x0800c17c                SWPMI1_IRQHandler
                0x0800c17c                COMP1_IRQHandler
                0x0800c17c                LPTIM1_IRQHandler
                0x0800c17c                I2C4_ER_IRQHandler
                0x0800c17c                DMA2_Stream6_IRQHandler
                0x0800c17c                SAI1_IRQHandler
                0x0800c17c                DMA1_Stream3_IRQHandler
 *fill*         0x0800c17e        0x2 00000000
 .text.SystemInit
                0x0800c180       0xc4 ./libraries/CMSIS/Device/ST/STM32H7xx/Source/Templates/system_stm32h7xx.o
                0x0800c180                SystemInit
 .text.rt_hw_board_init
                0x0800c244       0x34 ./drivers/board.o
                0x0800c244                rt_hw_board_init
 .text.system_clock_config
                0x0800c278      0x108 ./drivers/drv_clk.o
                0x0800c278                system_clock_config
 .text.clock_information
                0x0800c380       0x10 ./drivers/drv_clk.o
                0x0800c380                clock_information
 .text.clk_init
                0x0800c390       0x1c ./drivers/drv_clk.o
                0x0800c390                clk_init
 .text.reboot   0x0800c3ac       0x18 ./drivers/drv_common.o
 .text.rt_hw_systick_init
                0x0800c3c4       0x34 ./drivers/drv_common.o
                0x0800c3c4                rt_hw_systick_init
 .text.SysTick_Handler
                0x0800c3f8       0x18 ./drivers/drv_common.o
                0x0800c3f8                SysTick_Handler
 .text.HAL_GetTick
                0x0800c410       0x24 ./drivers/drv_common.o
                0x0800c410                HAL_GetTick
 .text.HAL_InitTick
                0x0800c434       0x18 ./drivers/drv_common.o
                0x0800c434                HAL_InitTick
 .text._Error_Handler
                0x0800c44c        0xc ./drivers/drv_common.o
                0x0800c44c                _Error_Handler
 .text.hw_board_init
                0x0800c458       0x44 ./drivers/drv_common.o
                0x0800c458                hw_board_init
 .text.get_pin  0x0800c49c       0x48 ./drivers/drv_gpio.o
 .text.stm32_pin_write
                0x0800c4e4       0x3c ./drivers/drv_gpio.o
 .text.stm32_pin_read
                0x0800c520       0x44 ./drivers/drv_gpio.o
 .text.stm32_pin_mode
                0x0800c564       0x98 ./drivers/drv_gpio.o
 .text.bit2bitno
                0x0800c5fc       0x40 ./drivers/drv_gpio.o
 .text.get_pin_irq_map
                0x0800c63c       0x34 ./drivers/drv_gpio.o
 .text.stm32_pin_attach_irq
                0x0800c670      0x148 ./drivers/drv_gpio.o
 .text.stm32_pin_dettach_irq
                0x0800c7b8       0xd0 ./drivers/drv_gpio.o
 .text.stm32_pin_irq_enable
                0x0800c888      0x1e0 ./drivers/drv_gpio.o
 .text.pin_irq_hdr
                0x0800ca68       0x54 ./drivers/drv_gpio.o
 .text.HAL_GPIO_EXTI_Callback
                0x0800cabc       0x24 ./drivers/drv_gpio.o
                0x0800cabc                HAL_GPIO_EXTI_Callback
 .text.EXTI0_IRQHandler
                0x0800cae0       0x18 ./drivers/drv_gpio.o
                0x0800cae0                EXTI0_IRQHandler
 .text.EXTI1_IRQHandler
                0x0800caf8       0x18 ./drivers/drv_gpio.o
                0x0800caf8                EXTI1_IRQHandler
 .text.EXTI2_IRQHandler
                0x0800cb10       0x18 ./drivers/drv_gpio.o
                0x0800cb10                EXTI2_IRQHandler
 .text.EXTI3_IRQHandler
                0x0800cb28       0x18 ./drivers/drv_gpio.o
                0x0800cb28                EXTI3_IRQHandler
 .text.EXTI4_IRQHandler
                0x0800cb40       0x18 ./drivers/drv_gpio.o
                0x0800cb40                EXTI4_IRQHandler
 .text.EXTI9_5_IRQHandler
                0x0800cb58       0x34 ./drivers/drv_gpio.o
                0x0800cb58                EXTI9_5_IRQHandler
 .text.EXTI15_10_IRQHandler
                0x0800cb8c       0x40 ./drivers/drv_gpio.o
                0x0800cb8c                EXTI15_10_IRQHandler
 .text.rt_hw_pin_init
                0x0800cbcc      0x170 ./drivers/drv_gpio.o
                0x0800cbcc                rt_hw_pin_init
 .text.__NVIC_EnableIRQ
                0x0800cd3c       0x3c ./drivers/drv_usart.o
 .text.__NVIC_DisableIRQ
                0x0800cd78       0x44 ./drivers/drv_usart.o
 .text.stm32_uart_clk_enable
                0x0800cdbc       0x50 ./drivers/drv_usart.o
 .text.stm32_gpio_clk_enable
                0x0800ce0c      0x278 ./drivers/drv_usart.o
 .text.up_char  0x0800d084       0x34 ./drivers/drv_usart.o
 .text.get_pin_by_name
                0x0800d0b8       0x5c ./drivers/drv_usart.o
 .text.stm32_get_pin
                0x0800d114       0x38 ./drivers/drv_usart.o
 .text.stm32_gpio_configure
                0x0800d14c      0x120 ./drivers/drv_usart.o
 .text.stm32_configure
                0x0800d26c      0x134 ./drivers/drv_usart.o
 .text.stm32_control
                0x0800d3a0       0x84 ./drivers/drv_usart.o
 .text.stm32_putc
                0x0800d424       0x58 ./drivers/drv_usart.o
 .text.stm32_getc
                0x0800d47c       0x50 ./drivers/drv_usart.o
 .text.stm32_dma_transmit
                0x0800d4cc       0x64 ./drivers/drv_usart.o
 .text.uart_isr
                0x0800d530      0x108 ./drivers/drv_usart.o
 .text.USART3_IRQHandler
                0x0800d638       0x1c ./drivers/drv_usart.o
                0x0800d638                USART3_IRQHandler
 .text.stm32_uart_get_dma_config
                0x0800d654       0x1c ./drivers/drv_usart.o
 .text.rt_hw_usart_init
                0x0800d670       0xf8 ./drivers/drv_usart.o
                0x0800d670                rt_hw_usart_init
 .text.main     0x0800d768       0x48 ./applications/main.o
                0x0800d768                main
 .text.atoi     0x0800d7b0        0x8 c:/rt-threadstudio/repo/extract/toolchain_support_packages/arm/gnu_tools_for_arm_embedded_processors/5.4.1/bin/../lib/gcc/arm-none-eabi/5.4.1/../../../../arm-none-eabi/lib/armv7e-m/fpu/fpv5-sp-d16\libg.a(lib_a-atoi.o)
                0x0800d7b0                atoi
 .text.memcmp   0x0800d7b8       0x64 c:/rt-threadstudio/repo/extract/toolchain_support_packages/arm/gnu_tools_for_arm_embedded_processors/5.4.1/bin/../lib/gcc/arm-none-eabi/5.4.1/../../../../arm-none-eabi/lib/armv7e-m/fpu/fpv5-sp-d16\libg.a(lib_a-memcmp.o)
                0x0800d7b8                memcmp
 .text.memset   0x0800d81c       0x9c c:/rt-threadstudio/repo/extract/toolchain_support_packages/arm/gnu_tools_for_arm_embedded_processors/5.4.1/bin/../lib/gcc/arm-none-eabi/5.4.1/../../../../arm-none-eabi/lib/armv7e-m/fpu/fpv5-sp-d16\libg.a(lib_a-memset.o)
                0x0800d81c                memset
 .text.strncmp  0x0800d8b8       0xa0 c:/rt-threadstudio/repo/extract/toolchain_support_packages/arm/gnu_tools_for_arm_embedded_processors/5.4.1/bin/../lib/gcc/arm-none-eabi/5.4.1/../../../../arm-none-eabi/lib/armv7e-m/fpu/fpv5-sp-d16\libg.a(lib_a-strncmp.o)
                0x0800d8b8                strncmp
 .text.strncpy  0x0800d958       0x68 c:/rt-threadstudio/repo/extract/toolchain_support_packages/arm/gnu_tools_for_arm_embedded_processors/5.4.1/bin/../lib/gcc/arm-none-eabi/5.4.1/../../../../arm-none-eabi/lib/armv7e-m/fpu/fpv5-sp-d16\libg.a(lib_a-strncpy.o)
                0x0800d958                strncpy
 .text._strtol_l.isra.0
                0x0800d9c0      0x138 c:/rt-threadstudio/repo/extract/toolchain_support_packages/arm/gnu_tools_for_arm_embedded_processors/5.4.1/bin/../lib/gcc/arm-none-eabi/5.4.1/../../../../arm-none-eabi/lib/armv7e-m/fpu/fpv5-sp-d16\libg.a(lib_a-strtol.o)
 .text.strtol   0x0800daf8       0x2c c:/rt-threadstudio/repo/extract/toolchain_support_packages/arm/gnu_tools_for_arm_embedded_processors/5.4.1/bin/../lib/gcc/arm-none-eabi/5.4.1/../../../../arm-none-eabi/lib/armv7e-m/fpu/fpv5-sp-d16\libg.a(lib_a-strtol.o)
                0x0800daf8                strtol
 .text.startup.register_fini
                0x0800db24       0x14 c:/rt-threadstudio/repo/extract/toolchain_support_packages/arm/gnu_tools_for_arm_embedded_processors/5.4.1/bin/../lib/gcc/arm-none-eabi/5.4.1/../../../../arm-none-eabi/lib/armv7e-m/fpu/fpv5-sp-d16\libg.a(lib_a-__call_atexit.o)
 .text.atexit   0x0800db38        0xc c:/rt-threadstudio/repo/extract/toolchain_support_packages/arm/gnu_tools_for_arm_embedded_processors/5.4.1/bin/../lib/gcc/arm-none-eabi/5.4.1/../../../../arm-none-eabi/lib/armv7e-m/fpu/fpv5-sp-d16\libg.a(lib_a-atexit.o)
                0x0800db38                atexit
 .text.__libc_fini_array
                0x0800db44       0x28 c:/rt-threadstudio/repo/extract/toolchain_support_packages/arm/gnu_tools_for_arm_embedded_processors/5.4.1/bin/../lib/gcc/arm-none-eabi/5.4.1/../../../../arm-none-eabi/lib/armv7e-m/fpu/fpv5-sp-d16\libg.a(lib_a-fini.o)
                0x0800db44                __libc_fini_array
 .text.__locale_ctype_ptr_l
                0x0800db6c        0x8 c:/rt-threadstudio/repo/extract/toolchain_support_packages/arm/gnu_tools_for_arm_embedded_processors/5.4.1/bin/../lib/gcc/arm-none-eabi/5.4.1/../../../../arm-none-eabi/lib/armv7e-m/fpu/fpv5-sp-d16\libg.a(lib_a-locale.o)
                0x0800db6c                __locale_ctype_ptr_l
 .text.__ascii_mbtowc
                0x0800db74       0x2c c:/rt-threadstudio/repo/extract/toolchain_support_packages/arm/gnu_tools_for_arm_embedded_processors/5.4.1/bin/../lib/gcc/arm-none-eabi/5.4.1/../../../../arm-none-eabi/lib/armv7e-m/fpu/fpv5-sp-d16\libg.a(lib_a-mbtowc_r.o)
                0x0800db74                __ascii_mbtowc
 .text.__ascii_wctomb
                0x0800dba0       0x1c c:/rt-threadstudio/repo/extract/toolchain_support_packages/arm/gnu_tools_for_arm_embedded_processors/5.4.1/bin/../lib/gcc/arm-none-eabi/5.4.1/../../../../arm-none-eabi/lib/armv7e-m/fpu/fpv5-sp-d16\libg.a(lib_a-wctomb_r.o)
                0x0800dba0                __ascii_wctomb
 .text.__register_exitproc
                0x0800dbbc       0xa4 c:/rt-threadstudio/repo/extract/toolchain_support_packages/arm/gnu_tools_for_arm_embedded_processors/5.4.1/bin/../lib/gcc/arm-none-eabi/5.4.1/../../../../arm-none-eabi/lib/armv7e-m/fpu/fpv5-sp-d16\libg.a(lib_a-__atexit.o)
                0x0800dbbc                __register_exitproc
 *(.rodata)
 .rodata        0x0800dc60       0x17 ./rt-thread/src/components.o
 *fill*         0x0800dc77        0x1 00000000
 .rodata        0x0800dc78       0xf4 ./rt-thread/src/device.o
 .rodata        0x0800dd6c       0x34 ./rt-thread/src/idle.o
 .rodata        0x0800dda0      0x476 ./rt-thread/src/ipc.o
 *fill*         0x0800e216        0x2 00000000
 .rodata        0x0800e218       0xc7 ./rt-thread/src/kservice.o
 *fill*         0x0800e2df        0x1 00000000
 .rodata        0x0800e2e0      0x2fa ./rt-thread/src/mem.o
 *fill*         0x0800e5da        0x2 00000000
 .rodata        0x0800e5dc       0x91 ./rt-thread/src/object.o
 *fill*         0x0800e66d        0x3 00000000
 .rodata        0x0800e670       0x65 ./rt-thread/src/scheduler.o
 *fill*         0x0800e6d5        0x3 00000000
 .rodata        0x0800e6d8      0x19e ./rt-thread/src/thread.o
 *fill*         0x0800e876        0x2 00000000
 .rodata        0x0800e878       0xde ./rt-thread/src/timer.o
 *fill*         0x0800e956        0x2 00000000
 .rodata        0x0800e958      0x2ce ./rt-thread/libcpu/arm/cortex-m7/cpuport.o
 *fill*         0x0800ec26        0x2 00000000
 .rodata        0x0800ec28      0x645 ./rt-thread/components/finsh/cmd.o
 *fill*         0x0800f26d        0x3 00000000
 .rodata        0x0800f270       0x80 ./rt-thread/components/finsh/msh.o
 .rodata        0x0800f2f0       0x99 ./rt-thread/components/finsh/shell.o
 *fill*         0x0800f389        0x3 00000000
 .rodata        0x0800f38c       0x72 ./rt-thread/components/drivers/src/completion.o
 *fill*         0x0800f3fe        0x2 00000000
 .rodata        0x0800f400       0xd7 ./rt-thread/components/drivers/serial/serial.o
 *fill*         0x0800f4d7        0x1 00000000
 .rodata        0x0800f4d8       0x37 ./rt-thread/components/drivers/misc/pin.o
 *fill*         0x0800f50f        0x1 00000000
 .rodata        0x0800f510        0xa ./drivers/board.o
 *fill*         0x0800f51a        0x2 00000000
 .rodata        0x0800f51c       0x15 ./drivers/drv_clk.o
 *fill*         0x0800f531        0x3 00000000
 .rodata        0x0800f534        0x4 ./drivers/drv_gpio.o
 .rodata        0x0800f538       0x6c ./drivers/drv_usart.o
 .rodata        0x0800f5a4       0x2a ./applications/main.o
 *(.rodata*)
 *fill*         0x0800f5ce        0x2 00000000
 .rodata.__FUNCTION__.5719
                0x0800f5d0       0x14 ./rt-thread/src/components.o
 .rodata.__FUNCTION__.5628
                0x0800f5e4        0xf ./rt-thread/src/device.o
 *fill*         0x0800f5f3        0x1 00000000
 .rodata.__FUNCTION__.5633
                0x0800f5f4       0x10 ./rt-thread/src/device.o
 .rodata.__FUNCTION__.5640
                0x0800f604        0xf ./rt-thread/src/device.o
 *fill*         0x0800f613        0x1 00000000
 .rodata.__FUNCTION__.5647
                0x0800f614       0x10 ./rt-thread/src/device.o
 .rodata.__FUNCTION__.5660
                0x0800f624       0x1a ./rt-thread/src/device.o
 *fill*         0x0800f63e        0x2 00000000
 .rodata.__FUNCTION__.5700
                0x0800f640       0x16 ./rt-thread/src/idle.o
 *fill*         0x0800f656        0x2 00000000
 .rodata.__FUNCTION__.5708
                0x0800f658        0xc ./rt-thread/src/ipc.o
 .rodata.__FUNCTION__.5732
                0x0800f664        0xc ./rt-thread/src/ipc.o
 .rodata.__FUNCTION__.5743
                0x0800f670        0xf ./rt-thread/src/ipc.o
 *fill*         0x0800f67f        0x1 00000000
 .rodata.large_digits.5841
                0x0800f680       0x11 ./rt-thread/src/kservice.o
 *fill*         0x0800f691        0x3 00000000
 .rodata.small_digits.5840
                0x0800f694       0x11 ./rt-thread/src/kservice.o
 *fill*         0x0800f6a5        0x3 00000000
 .rodata.name   0x0800f6a8       0x2a ./rt-thread/src/mem.o
                0x0800f6a8                __fsym_list_mem_name
                0x0800f6b4                __fsym_list_mem_desc
 *fill*         0x0800f6d2        0x2 00000000
 .rodata.__FUNCTION__.5698
                0x0800f6d4        0xb ./rt-thread/src/mem.o
 *fill*         0x0800f6df        0x1 00000000
 .rodata.__FUNCTION__.5707
                0x0800f6e0       0x14 ./rt-thread/src/mem.o
 .rodata.__FUNCTION__.5716
                0x0800f6f4        0xa ./rt-thread/src/mem.o
 *fill*         0x0800f6fe        0x2 00000000
 .rodata.__FUNCTION__.5745
                0x0800f700        0x8 ./rt-thread/src/mem.o
 .rodata.__FUNCTION__.5747
                0x0800f708        0xf ./rt-thread/src/object.o
 *fill*         0x0800f717        0x1 00000000
 .rodata.__FUNCTION__.5756
                0x0800f718       0x11 ./rt-thread/src/object.o
 *fill*         0x0800f729        0x3 00000000
 .rodata.__FUNCTION__.5765
                0x0800f72c       0x13 ./rt-thread/src/object.o
 *fill*         0x0800f73f        0x1 00000000
 .rodata.__FUNCTION__.5770
                0x0800f740       0x11 ./rt-thread/src/object.o
 *fill*         0x0800f751        0x3 00000000
 .rodata.__FUNCTION__.5774
                0x0800f754       0x1a ./rt-thread/src/object.o
 *fill*         0x0800f76e        0x2 00000000
 .rodata.__FUNCTION__.5778
                0x0800f770       0x13 ./rt-thread/src/object.o
 *fill*         0x0800f783        0x1 00000000
 .rodata.__FUNCTION__.5787
                0x0800f784        0xf ./rt-thread/src/object.o
 *fill*         0x0800f793        0x1 00000000
 .rodata.__FUNCTION__.5685
                0x0800f794       0x1a ./rt-thread/src/scheduler.o
 *fill*         0x0800f7ae        0x2 00000000
 .rodata.__FUNCTION__.5723
                0x0800f7b0       0x1a ./rt-thread/src/scheduler.o
 *fill*         0x0800f7ca        0x2 00000000
 .rodata.__FUNCTION__.5729
                0x0800f7cc       0x1a ./rt-thread/src/scheduler.o
 *fill*         0x0800f7e6        0x2 00000000
 .rodata.__FUNCTION__.5706
                0x0800f7e8       0x10 ./rt-thread/src/thread.o
 .rodata.__FUNCTION__.5718
                0x0800f7f8        0xf ./rt-thread/src/thread.o
 *fill*         0x0800f807        0x1 00000000
 .rodata.__FUNCTION__.5727
                0x0800f808       0x12 ./rt-thread/src/thread.o
 *fill*         0x0800f81a        0x2 00000000
 .rodata.__FUNCTION__.5759
                0x0800f81c       0x10 ./rt-thread/src/thread.o
 .rodata.__FUNCTION__.5791
                0x0800f82c       0x12 ./rt-thread/src/thread.o
 *fill*         0x0800f83e        0x2 00000000
 .rodata.__FUNCTION__.5796
                0x0800f840       0x11 ./rt-thread/src/thread.o
 *fill*         0x0800f851        0x3 00000000
 .rodata.__FUNCTION__.5801
                0x0800f854       0x12 ./rt-thread/src/thread.o
 *fill*         0x0800f866        0x2 00000000
 .rodata.__FUNCTION__.5722
                0x0800f868        0xe ./rt-thread/src/timer.o
 *fill*         0x0800f876        0x2 00000000
 .rodata.__FUNCTION__.5727
                0x0800f878       0x10 ./rt-thread/src/timer.o
 .rodata.__FUNCTION__.5751
                0x0800f888        0xf ./rt-thread/src/timer.o
 *fill*         0x0800f897        0x1 00000000
 .rodata.__FUNCTION__.5768
                0x0800f898        0xe ./rt-thread/src/timer.o
 *fill*         0x0800f8a6        0x2 00000000
 .rodata.__FUNCTION__.5775
                0x0800f8a8       0x11 ./rt-thread/src/timer.o
 *fill*         0x0800f8b9        0x3 00000000
 .rodata.name   0x0800f8bc      0x3c6 ./rt-thread/components/finsh/cmd.o
                0x0800f8bc                __fsym_hello_name
                0x0800f8c4                __fsym_hello_desc
                0x0800f8d4                __fsym_clear_name
                0x0800f8dc                __fsym_clear_desc
                0x0800f8f8                __fsym___cmd_clear_name
                0x0800f904                __fsym___cmd_clear_desc
                0x0800f920                __fsym_version_name
                0x0800f928                __fsym_version_desc
                0x0800f94c                __fsym___cmd_version_name
                0x0800f95c                __fsym___cmd_version_desc
                0x0800f980                __fsym_list_thread_name
                0x0800f98c                __fsym_list_thread_desc
                0x0800f998                __fsym___cmd_list_thread_name
                0x0800f9ac                __fsym___cmd_list_thread_desc
                0x0800f9b8                __fsym_list_sem_name
                0x0800f9c4                __fsym_list_sem_desc
                0x0800f9e0                __fsym___cmd_list_sem_name
                0x0800f9f0                __fsym___cmd_list_sem_desc
                0x0800fa0c                __fsym_list_event_name
                0x0800fa18                __fsym_list_event_desc
                0x0800fa30                __fsym___cmd_list_event_name
                0x0800fa44                __fsym___cmd_list_event_desc
                0x0800fa5c                __fsym_list_mutex_name
                0x0800fa68                __fsym_list_mutex_desc
                0x0800fa80                __fsym___cmd_list_mutex_name
                0x0800fa94                __fsym___cmd_list_mutex_desc
                0x0800faac                __fsym_list_mailbox_name
                0x0800fabc                __fsym_list_mailbox_desc
                0x0800fad4                __fsym___cmd_list_mailbox_name
                0x0800fae8                __fsym___cmd_list_mailbox_desc
                0x0800fb00                __fsym_list_msgqueue_name
                0x0800fb10                __fsym_list_msgqueue_desc
                0x0800fb30                __fsym___cmd_list_msgqueue_name
                0x0800fb44                __fsym___cmd_list_msgqueue_desc
                0x0800fb64                __fsym_list_mempool_name
                0x0800fb74                __fsym_list_mempool_desc
                0x0800fb90                __fsym___cmd_list_mempool_name
                0x0800fba4                __fsym___cmd_list_mempool_desc
                0x0800fbc0                __fsym_list_timer_name
                0x0800fbcc                __fsym_list_timer_desc
                0x0800fbe4                __fsym___cmd_list_timer_name
                0x0800fbf8                __fsym___cmd_list_timer_desc
                0x0800fc10                __fsym_list_device_name
                0x0800fc1c                __fsym_list_device_desc
                0x0800fc34                __fsym___cmd_list_device_name
                0x0800fc48                __fsym___cmd_list_device_desc
                0x0800fc60                __fsym_list_name
                0x0800fc68                __fsym_list_desc
 *fill*         0x0800fc82        0x2 00000000
 .rodata.device_type_str
                0x0800fc84       0x5c ./rt-thread/components/finsh/cmd.o
 .rodata.name   0x0800fce0       0x7d ./rt-thread/components/finsh/msh.o
                0x0800fce0                __fsym___cmd_help_name
                0x0800fcec                __fsym___cmd_help_desc
                0x0800fd04                __fsym___cmd_ps_name
                0x0800fd10                __fsym___cmd_ps_desc
                0x0800fd2c                __fsym___cmd_free_name
                0x0800fd38                __fsym___cmd_free_desc
 *fill*         0x0800fd5d        0x3 00000000
 .rodata.__FUNCTION__.7214
                0x0800fd60        0xe ./rt-thread/components/finsh/msh.o
 *fill*         0x0800fd6e        0x2 00000000
 .rodata.__FUNCTION__.7221
                0x0800fd70       0x16 ./rt-thread/components/finsh/shell.o
 *fill*         0x0800fd86        0x2 00000000
 .rodata.__FUNCTION__.7226
                0x0800fd88        0xe ./rt-thread/components/finsh/shell.o
 *fill*         0x0800fd96        0x2 00000000
 .rodata.__FUNCTION__.7234
                0x0800fd98        0xd ./rt-thread/components/finsh/shell.o
 *fill*         0x0800fda5        0x3 00000000
 .rodata.__FUNCTION__.7239
                0x0800fda8       0x11 ./rt-thread/components/finsh/shell.o
 *fill*         0x0800fdb9        0x3 00000000
 .rodata.__FUNCTION__.6074
                0x0800fdbc       0x13 ./rt-thread/components/drivers/src/completion.o
 *fill*         0x0800fdcf        0x1 00000000
 .rodata.__FUNCTION__.6082
                0x0800fdd0       0x13 ./rt-thread/components/drivers/src/completion.o
 *fill*         0x0800fde3        0x1 00000000
 .rodata.__FUNCTION__.6089
                0x0800fde4       0x13 ./rt-thread/components/drivers/src/completion.o
 *fill*         0x0800fdf7        0x1 00000000
 .rodata.__FUNCTION__.6124
                0x0800fdf8        0xf ./rt-thread/components/drivers/serial/serial.o
 *fill*         0x0800fe07        0x1 00000000
 .rodata.__FUNCTION__.6131
                0x0800fe08        0xf ./rt-thread/components/drivers/serial/serial.o
 *fill*         0x0800fe17        0x1 00000000
 .rodata.__FUNCTION__.6138
                0x0800fe18       0x10 ./rt-thread/components/drivers/serial/serial.o
 .rodata.__FUNCTION__.6148
                0x0800fe28        0xf ./rt-thread/components/drivers/serial/serial.o
 *fill*         0x0800fe37        0x1 00000000
 .rodata.__FUNCTION__.6098
                0x0800fe38        0xf ./rt-thread/components/drivers/serial/serial.o
 *fill*         0x0800fe47        0x1 00000000
 .rodata.__FUNCTION__.6077
                0x0800fe48       0x10 ./rt-thread/components/drivers/serial/serial.o
 .rodata.__FUNCTION__.6156
                0x0800fe58       0x10 ./rt-thread/components/drivers/serial/serial.o
 .rodata.__FUNCTION__.6111
                0x0800fe68        0xf ./rt-thread/components/drivers/serial/serial.o
 *fill*         0x0800fe77        0x1 00000000
 .rodata.__FUNCTION__.6087
                0x0800fe78       0x10 ./rt-thread/components/drivers/serial/serial.o
 .rodata.__FUNCTION__.6164
                0x0800fe88       0x12 ./rt-thread/components/drivers/serial/serial.o
 *fill*         0x0800fe9a        0x2 00000000
 .rodata.__FUNCTION__.6179
                0x0800fe9c       0x16 ./rt-thread/components/drivers/serial/serial.o
 *fill*         0x0800feb2        0x2 00000000
 .rodata.__FUNCTION__.6188
                0x0800feb4       0x11 ./rt-thread/components/drivers/serial/serial.o
 *fill*         0x0800fec5        0x3 00000000
 .rodata.name   0x0800fec8       0x99 ./rt-thread/components/drivers/misc/pin.o
                0x0800fec8                __fsym_pinMode_name
                0x0800fed0                __fsym_pinMode_desc
                0x0800fee8                __fsym_pinWrite_name
                0x0800fef4                __fsym_pinWrite_desc
                0x0800ff10                __fsym_pinRead_name
                0x0800ff18                __fsym_pinRead_desc
                0x0800ff38                __fsym_pinGet_name
                0x0800ff40                __fsym_pinGet_desc
 *fill*         0x0800ff61        0x3 00000000
 .rodata.__FUNCTION__.7491
                0x0800ff64        0xa ./rt-thread/components/drivers/misc/pin.o
 *fill*         0x0800ff6e        0x2 00000000
 .rodata.__FUNCTION__.7500
                0x0800ff70        0xb ./rt-thread/components/drivers/misc/pin.o
 *fill*         0x0800ff7b        0x1 00000000
 .rodata.__FUNCTION__.7508
                0x0800ff7c        0xd ./rt-thread/components/drivers/misc/pin.o
 *fill*         0x0800ff89        0x3 00000000
 .rodata.__FUNCTION__.7535
                0x0800ff8c        0xc ./rt-thread/components/drivers/misc/pin.o
 .rodata.__FUNCTION__.7543
                0x0800ff98        0xd ./rt-thread/components/drivers/misc/pin.o
 *fill*         0x0800ffa5        0x3 00000000
 .rodata.__FUNCTION__.7550
                0x0800ffa8        0xc ./rt-thread/components/drivers/misc/pin.o
 .rodata.__FUNCTION__.7557
                0x0800ffb4        0xb ./rt-thread/components/drivers/misc/pin.o
 *fill*         0x0800ffbf        0x1 00000000
 .rodata.D1CorePrescTable
                0x0800ffc0       0x10 ./libraries/CMSIS/Device/ST/STM32H7xx/Source/Templates/system_stm32h7xx.o
                0x0800ffc0                D1CorePrescTable
 .rodata.name   0x0800ffd0       0x1e ./drivers/drv_common.o
                0x0800ffd0                __fsym___cmd_reboot_name
                0x0800ffe0                __fsym___cmd_reboot_desc
 *fill*         0x0800ffee        0x2 00000000
 .rodata.pins   0x0800fff0      0x840 ./drivers/drv_gpio.o
 .rodata.pin_irq_map
                0x08010830       0x40 ./drivers/drv_gpio.o
 .rodata._stm32_pin_ops
                0x08010870       0x1c ./drivers/drv_gpio.o
 .rodata.stm32_uart_ops
                0x0801088c       0x14 ./drivers/drv_usart.o
 .rodata.__FUNCTION__.12425
                0x080108a0       0x16 ./drivers/drv_usart.o
 *fill*         0x080108b6        0x2 00000000
 .rodata.uart_afs.12482
                0x080108b8       0xc8 ./drivers/drv_usart.o
 .rodata.__FUNCTION__.12493
                0x08010980       0x10 ./drivers/drv_usart.o
 .rodata.__FUNCTION__.12513
                0x08010990        0xe ./drivers/drv_usart.o
 *fill*         0x0801099e        0x2 00000000
 .rodata.__FUNCTION__.12522
                0x080109a0        0xb ./drivers/drv_usart.o
 *fill*         0x080109ab        0x1 00000000
 .rodata.__FUNCTION__.12531
                0x080109ac        0xb ./drivers/drv_usart.o
 *fill*         0x080109b7        0x1 00000000
 .rodata.__FUNCTION__.12539
                0x080109b8       0x13 ./drivers/drv_usart.o
 *fill*         0x080109cb        0x1 00000000
 .rodata.__FUNCTION__.12545
                0x080109cc        0x9 ./drivers/drv_usart.o
 *fill*         0x080109d5        0x3 00000000
 .rodata.__FUNCTION__.12559
                0x080109d8       0x11 ./drivers/drv_usart.o
 *fill*         0x080109e9        0x3 00000000
 .rodata._global_impure_ptr
                0x080109ec        0x4 c:/rt-threadstudio/repo/extract/toolchain_support_packages/arm/gnu_tools_for_arm_embedded_processors/5.4.1/bin/../lib/gcc/arm-none-eabi/5.4.1/../../../../arm-none-eabi/lib/armv7e-m/fpu/fpv5-sp-d16\libg.a(lib_a-impure.o)
                0x080109ec                _global_impure_ptr
 .rodata.str1.4
                0x080109f0       0x14 c:/rt-threadstudio/repo/extract/toolchain_support_packages/arm/gnu_tools_for_arm_embedded_processors/5.4.1/bin/../lib/gcc/arm-none-eabi/5.4.1/../../../../arm-none-eabi/lib/armv7e-m/fpu/fpv5-sp-d16\libg.a(lib_a-locale.o)
                                 0x12 (size before relaxing)
 .rodata._ctype_
                0x08010a04      0x101 c:/rt-threadstudio/repo/extract/toolchain_support_packages/arm/gnu_tools_for_arm_embedded_processors/5.4.1/bin/../lib/gcc/arm-none-eabi/5.4.1/../../../../arm-none-eabi/lib/armv7e-m/fpu/fpv5-sp-d16\libg.a(lib_a-ctype_.o)
                0x08010a04                _ctype_
 *(.glue_7)
 .glue_7        0x08010b05        0x0 linker stubs
 *(.glue_7t)
 .glue_7t       0x08010b05        0x0 linker stubs
 *(.gnu.linkonce.t*)
                0x08010b08                . = ALIGN (0x4)
 *fill*         0x08010b05        0x3 00000000
                0x08010b08                __fsymtab_start = .
 *(FSymTab)
 FSymTab        0x08010b08        0xc ./rt-thread/src/mem.o
                0x08010b08                __fsym_list_mem
 FSymTab        0x08010b14      0x120 ./rt-thread/components/finsh/cmd.o
                0x08010b14                __fsym_hello
                0x08010b20                __fsym_clear
                0x08010b2c                __fsym___cmd_clear
                0x08010b38                __fsym_version
                0x08010b44                __fsym___cmd_version
                0x08010b50                __fsym_list_thread
                0x08010b5c                __fsym___cmd_list_thread
                0x08010b68                __fsym_list_sem
                0x08010b74                __fsym___cmd_list_sem
                0x08010b80                __fsym_list_event
                0x08010b8c                __fsym___cmd_list_event
                0x08010b98                __fsym_list_mutex
                0x08010ba4                __fsym___cmd_list_mutex
                0x08010bb0                __fsym_list_mailbox
                0x08010bbc                __fsym___cmd_list_mailbox
                0x08010bc8                __fsym_list_msgqueue
                0x08010bd4                __fsym___cmd_list_msgqueue
                0x08010be0                __fsym_list_mempool
                0x08010bec                __fsym___cmd_list_mempool
                0x08010bf8                __fsym_list_timer
                0x08010c04                __fsym___cmd_list_timer
                0x08010c10                __fsym_list_device
                0x08010c1c                __fsym___cmd_list_device
                0x08010c28                __fsym_list
 FSymTab        0x08010c34       0x24 ./rt-thread/components/finsh/msh.o
                0x08010c34                __fsym___cmd_help
                0x08010c40                __fsym___cmd_ps
                0x08010c4c                __fsym___cmd_free
 FSymTab        0x08010c58       0x30 ./rt-thread/components/drivers/misc/pin.o
                0x08010c58                __fsym_pinMode
                0x08010c64                __fsym_pinWrite
                0x08010c70                __fsym_pinRead
                0x08010c7c                __fsym_pinGet
 FSymTab        0x08010c88        0xc ./drivers/drv_common.o
                0x08010c88                __fsym___cmd_reboot
                0x08010c94                __fsymtab_end = .
                0x08010c94                . = ALIGN (0x4)
                0x08010c94                __vsymtab_start = .
 *(VSymTab)
                0x08010c94                __vsymtab_end = .
                0x08010c94                . = ALIGN (0x4)
                0x08010c94                __rt_utest_tc_tab_start = .
 *(UtestTcTab)
                0x08010c94                __rt_utest_tc_tab_end = .
                0x08010c94                . = ALIGN (0x4)
                0x08010c94                __rtatcmdtab_start = .
 *(RtAtCmdTab)
                0x08010c94                __rtatcmdtab_end = .
                0x08010c94                . = ALIGN (0x4)
                0x08010c94                . = ALIGN (0x4)
                0x08010c94                __rt_init_start = .
 *(SORT(.rti_fn*))
 .rti_fn.0      0x08010c94        0x4 ./rt-thread/src/components.o
                0x08010c94                __rt_init_rti_start
 .rti_fn.0.end  0x08010c98        0x4 ./rt-thread/src/components.o
                0x08010c98                __rt_init_rti_board_start
 .rti_fn.1      0x08010c9c        0x4 ./drivers/drv_clk.o
                0x08010c9c                __rt_init_clock_information
 .rti_fn.1.end  0x08010ca0        0x4 ./rt-thread/src/components.o
                0x08010ca0                __rt_init_rti_board_end
 .rti_fn.6      0x08010ca4        0x4 ./rt-thread/components/finsh/shell.o
                0x08010ca4                __rt_init_finsh_system_init
 .rti_fn.6.end  0x08010ca8        0x4 ./rt-thread/src/components.o
                0x08010ca8                __rt_init_rti_end
                0x08010cac                __rt_init_end = .
                0x08010cac                . = ALIGN (0x4)
                [!provide]                PROVIDE (__ctors_start__, .)
 *(SORT(.init_array.*))
 .init_array.00000
                0x08010cac        0x4 c:/rt-threadstudio/repo/extract/toolchain_support_packages/arm/gnu_tools_for_arm_embedded_processors/5.4.1/bin/../lib/gcc/arm-none-eabi/5.4.1/../../../../arm-none-eabi/lib/armv7e-m/fpu/fpv5-sp-d16\libg.a(lib_a-__call_atexit.o)
 *(.init_array)
 .init_array    0x08010cb0        0x4 c:/rt-threadstudio/repo/extract/toolchain_support_packages/arm/gnu_tools_for_arm_embedded_processors/5.4.1/bin/../lib/gcc/arm-none-eabi/5.4.1/armv7e-m/fpu/fpv5-sp-d16/crtbegin.o
                [!provide]                PROVIDE (__ctors_end__, .)
                0x08010cb4                . = ALIGN (0x4)
                0x08010cb4                _etext = .
                0x08010cb4                __exidx_start = .

.vfp11_veneer   0x08010cb4        0x0
 .vfp11_veneer  0x08010cb4        0x0 linker stubs

.v4_bx          0x08010cb4        0x0
 .v4_bx         0x08010cb4        0x0 linker stubs

.init           0x08010cb4        0x4
 .init          0x08010cb4        0x4 c:/rt-threadstudio/repo/extract/toolchain_support_packages/arm/gnu_tools_for_arm_embedded_processors/5.4.1/bin/../lib/gcc/arm-none-eabi/5.4.1/armv7e-m/fpu/fpv5-sp-d16/crti.o
                0x08010cb4                _init

.fini           0x08010cb8        0x4
 .fini          0x08010cb8        0x4 c:/rt-threadstudio/repo/extract/toolchain_support_packages/arm/gnu_tools_for_arm_embedded_processors/5.4.1/bin/../lib/gcc/arm-none-eabi/5.4.1/armv7e-m/fpu/fpv5-sp-d16/crti.o
                0x08010cb8                _fini

.iplt           0x08010cbc        0x0
 .iplt          0x08010cbc        0x0 c:/rt-threadstudio/repo/extract/toolchain_support_packages/arm/gnu_tools_for_arm_embedded_processors/5.4.1/bin/../lib/gcc/arm-none-eabi/5.4.1/armv7e-m/fpu/fpv5-sp-d16/crtbegin.o

.eh_frame       0x08010cbc        0x0
 .eh_frame      0x08010cbc        0x0 c:/rt-threadstudio/repo/extract/toolchain_support_packages/arm/gnu_tools_for_arm_embedded_processors/5.4.1/bin/../lib/gcc/arm-none-eabi/5.4.1/armv7e-m/fpu/fpv5-sp-d16/crtbegin.o

.ARM.exidx      0x08010cbc        0x8
 *(.ARM.exidx* .gnu.linkonce.armexidx.*)
 .ARM.exidx     0x08010cbc        0x8 c:/rt-threadstudio/repo/extract/toolchain_support_packages/arm/gnu_tools_for_arm_embedded_processors/5.4.1/bin/../lib/gcc/arm-none-eabi/5.4.1/armv7e-m/fpu/fpv5-sp-d16\libgcc.a(_udivmoddi4.o)
                0x08010cc4                _sidata = .
                0x08010cc4                __exidx_end = .

.rel.dyn        0x08010cc4        0x0
 .rel.iplt      0x08010cc4        0x0 c:/rt-threadstudio/repo/extract/toolchain_support_packages/arm/gnu_tools_for_arm_embedded_processors/5.4.1/bin/../lib/gcc/arm-none-eabi/5.4.1/armv7e-m/fpu/fpv5-sp-d16/crtbegin.o

.data           0x20000000      0x710 load address 0x08010cc4
                0x20000000                . = ALIGN (0x4)
                0x20000000                _sdata = .
 *(.data)
 *(.data.*)
 .data.rt_object_container
                0x20000000       0x90 ./rt-thread/src/object.o
 .data.soft_timer_status
                0x20000090        0x1 ./rt-thread/src/timer.o
 *fill*         0x20000091        0x3 
 .data.uwTickPrio
                0x20000094        0x4 ./libraries/STM32H7xx_HAL_Driver/Src/stm32h7xx_hal.o
                0x20000094                uwTickPrio
 .data.uwTickFreq
                0x20000098        0x1 ./libraries/STM32H7xx_HAL_Driver/Src/stm32h7xx_hal.o
                0x20000098                uwTickFreq
 *fill*         0x20000099        0x3 
 .data.SystemCoreClock
                0x2000009c        0x4 ./libraries/CMSIS/Device/ST/STM32H7xx/Source/Templates/system_stm32h7xx.o
                0x2000009c                SystemCoreClock
 .data.SystemD2Clock
                0x200000a0        0x4 ./libraries/CMSIS/Device/ST/STM32H7xx/Source/Templates/system_stm32h7xx.o
                0x200000a0                SystemD2Clock
 .data.pin_irq_hdr_tab
                0x200000a4       0xc0 ./drivers/drv_gpio.o
 .data.uart_config
                0x20000164       0x14 ./drivers/drv_usart.o
 .data.impure_data
                0x20000178      0x428 c:/rt-threadstudio/repo/extract/toolchain_support_packages/arm/gnu_tools_for_arm_embedded_processors/5.4.1/bin/../lib/gcc/arm-none-eabi/5.4.1/../../../../arm-none-eabi/lib/armv7e-m/fpu/fpv5-sp-d16\libg.a(lib_a-impure.o)
 .data._impure_ptr
                0x200005a0        0x4 c:/rt-threadstudio/repo/extract/toolchain_support_packages/arm/gnu_tools_for_arm_embedded_processors/5.4.1/bin/../lib/gcc/arm-none-eabi/5.4.1/../../../../arm-none-eabi/lib/armv7e-m/fpu/fpv5-sp-d16\libg.a(lib_a-impure.o)
                0x200005a0                _impure_ptr
 .data.__global_locale
                0x200005a4      0x16c c:/rt-threadstudio/repo/extract/toolchain_support_packages/arm/gnu_tools_for_arm_embedded_processors/5.4.1/bin/../lib/gcc/arm-none-eabi/5.4.1/../../../../arm-none-eabi/lib/armv7e-m/fpu/fpv5-sp-d16\libg.a(lib_a-locale.o)
                0x200005a4                __global_locale
 *(.gnu.linkonce.d*)
                [!provide]                PROVIDE (__dtors_start__, .)
 *(SORT(.dtors.*))
 *(.dtors)
                [!provide]                PROVIDE (__dtors_end__, .)
                0x20000710                . = ALIGN (0x4)
                0x20000710                _edata = .

.jcr            0x20000710        0x0 load address 0x080113d4
 .jcr           0x20000710        0x0 c:/rt-threadstudio/repo/extract/toolchain_support_packages/arm/gnu_tools_for_arm_embedded_processors/5.4.1/bin/../lib/gcc/arm-none-eabi/5.4.1/armv7e-m/fpu/fpv5-sp-d16/crtbegin.o

.igot.plt       0x20000710        0x0 load address 0x080113d4
 .igot.plt      0x20000710        0x0 c:/rt-threadstudio/repo/extract/toolchain_support_packages/arm/gnu_tools_for_arm_embedded_processors/5.4.1/bin/../lib/gcc/arm-none-eabi/5.4.1/armv7e-m/fpu/fpv5-sp-d16/crtbegin.o

.stack          0x20000710      0x400 load address 0x080113d4
                0x20000710                . = ALIGN (0x4)
                0x20000710                _sstack = .
                0x20000b10                . = (. + _system_stack_size)
 *fill*         0x20000710      0x400 
                0x20000b10                . = ALIGN (0x4)
                0x20000b10                _estack = .
                0x20000b10                __bss_start = .

.bss            0x20000b10      0x944 load address 0x080117d4
                0x20000b10                . = ALIGN (0x4)
                0x20000b10                _sbss = .
 *(.bss)
 .bss           0x20000b10       0x1c c:/rt-threadstudio/repo/extract/toolchain_support_packages/arm/gnu_tools_for_arm_embedded_processors/5.4.1/bin/../lib/gcc/arm-none-eabi/5.4.1/armv7e-m/fpu/fpv5-sp-d16/crtbegin.o
 *(.bss.*)
 .bss.rt_tick   0x20000b2c        0x4 ./rt-thread/src/clock.o
 .bss.idle      0x20000b30       0x80 ./rt-thread/src/idle.o
 .bss.rt_thread_stack
                0x20000bb0      0x100 ./rt-thread/src/idle.o
 .bss.idle_hook_list
                0x20000cb0       0x10 ./rt-thread/src/idle.o
 .bss.rt_interrupt_enter_hook
                0x20000cc0        0x4 ./rt-thread/src/irq.o
 .bss.rt_interrupt_leave_hook
                0x20000cc4        0x4 ./rt-thread/src/irq.o
 .bss.rt_interrupt_nest
                0x20000cc8        0x1 ./rt-thread/src/irq.o
                0x20000cc8                rt_interrupt_nest
 *fill*         0x20000cc9        0x3 
 .bss.__rt_errno